Archive member included to satisfy reference by file (symbol)

c:/ti_spul/v1oopc-examples/nieuwe_omgeving/gcc-arm-none-eabi-9-2019-q4-major-win32/bin/../lib/gcc/arm-none-eabi/9.2.1/thumb/v7-m/nofp\libgcc.a(_arm_addsubdf3.o)
                              lib/MPU.o (__aeabi_dadd)
c:/ti_spul/v1oopc-examples/nieuwe_omgeving/gcc-arm-none-eabi-9-2019-q4-major-win32/bin/../lib/gcc/arm-none-eabi/9.2.1/thumb/v7-m/nofp\libgcc.a(_arm_muldivdf3.o)
                              lib/MPU.o (__aeabi_ddiv)
c:/ti_spul/v1oopc-examples/nieuwe_omgeving/gcc-arm-none-eabi-9-2019-q4-major-win32/bin/../lib/gcc/arm-none-eabi/9.2.1/thumb/v7-m/nofp\libgcc.a(_arm_fixdfsi.o)
                              lib/MPU.o (__aeabi_d2iz)
c:/ti_spul/v1oopc-examples/nieuwe_omgeving/gcc-arm-none-eabi-9-2019-q4-major-win32/bin/../lib/gcc/arm-none-eabi/9.2.1/thumb/v7-m/nofp\libgcc.a(_aeabi_uldivmod.o)
                              hwlib.o (__aeabi_uldivmod)
c:/ti_spul/v1oopc-examples/nieuwe_omgeving/gcc-arm-none-eabi-9-2019-q4-major-win32/bin/../lib/gcc/arm-none-eabi/9.2.1/thumb/v7-m/nofp\libgcc.a(_udivmoddi4.o)
                              c:/ti_spul/v1oopc-examples/nieuwe_omgeving/gcc-arm-none-eabi-9-2019-q4-major-win32/bin/../lib/gcc/arm-none-eabi/9.2.1/thumb/v7-m/nofp\libgcc.a(_aeabi_uldivmod.o) (__udivmoddi4)
c:/ti_spul/v1oopc-examples/nieuwe_omgeving/gcc-arm-none-eabi-9-2019-q4-major-win32/bin/../lib/gcc/arm-none-eabi/9.2.1/thumb/v7-m/nofp\libgcc.a(_dvmd_tls.o)
                              c:/ti_spul/v1oopc-examples/nieuwe_omgeving/gcc-arm-none-eabi-9-2019-q4-major-win32/bin/../lib/gcc/arm-none-eabi/9.2.1/thumb/v7-m/nofp\libgcc.a(_aeabi_uldivmod.o) (__aeabi_ldiv0)
c:/ti_spul/v1oopc-examples/nieuwe_omgeving/gcc-arm-none-eabi-9-2019-q4-major-win32/bin/../lib/gcc/arm-none-eabi/9.2.1/../../../../arm-none-eabi/lib/thumb/v7-m/nofp\libc.a(lib_a-rand.o)
                              src/pong/enemy.o (srand)
c:/ti_spul/v1oopc-examples/nieuwe_omgeving/gcc-arm-none-eabi-9-2019-q4-major-win32/bin/../lib/gcc/arm-none-eabi/9.2.1/../../../../arm-none-eabi/lib/thumb/v7-m/nofp\libc.a(lib_a-impure.o)
                              c:/ti_spul/v1oopc-examples/nieuwe_omgeving/gcc-arm-none-eabi-9-2019-q4-major-win32/bin/../lib/gcc/arm-none-eabi/9.2.1/../../../../arm-none-eabi/lib/thumb/v7-m/nofp\libc.a(lib_a-rand.o) (_impure_ptr)

Allocating common symbols
Common symbol       size              file

__dso_handle        0x4               bmptk_cortex.o

Discarded input sections

 .group         0x00000000        0x8 src/pong/entities.o
 .group         0x00000000        0x8 src/pong/entities.o
 .group         0x00000000        0x8 src/pong/entities.o
 .group         0x00000000        0x8 src/pong/entities.o
 .group         0x00000000        0x8 src/pong/entities.o
 .group         0x00000000        0xc src/pong/entities.o
 .group         0x00000000        0x8 src/pong/entities.o
 .group         0x00000000        0xc src/pong/entities.o
 .group         0x00000000        0x8 src/pong/entities.o
 .group         0x00000000        0x8 src/pong/entities.o
 .group         0x00000000        0xc src/pong/entities.o
 .group         0x00000000        0x8 src/pong/entities.o
 .group         0x00000000        0xc src/pong/entities.o
 .group         0x00000000        0xc src/pong/entities.o
 .group         0x00000000        0xc src/pong/entities.o
 .group         0x00000000        0xc src/pong/entities.o
 .group         0x00000000        0xc src/pong/entities.o
 .group         0x00000000        0xc src/pong/entities.o
 .text          0x00000000        0x0 src/pong/entities.o
 .data          0x00000000        0x0 src/pong/entities.o
 .bss           0x00000000        0x0 src/pong/entities.o
 .text._ZN5hwlib8terminal25cursor_set_implementationENS_2xyE
                0x00000000        0xc src/pong/entities.o
 .text._ZN5hwlib8terminal5flushEv
                0x00000000        0x2 src/pong/entities.o
 .text._ZN5hwlib8terminal5clearEv
                0x00000000       0x50 src/pong/entities.o
 .text._ZN3due11ad_pin_infoENS_7ad_pinsE
                0x00000000       0x1c src/pong/entities.o
 .text._ZN3due11ad_seq_infoEm
                0x00000000       0x20 src/pong/entities.o
 .text._ZN5hwlib19uart_char_availableEv
                0x00000000        0x4 src/pong/entities.o
 .text._ZN5hwlib9uart_getcEv
                0x00000000        0x4 src/pong/entities.o
 .text._Z6withiniii
                0x00000000       0x12 src/pong/entities.o
 .rodata._ZZN3due11ad_pin_infoENS_7ad_pinsEE17ad_pin_info_array
                0x00000000        0xc src/pong/entities.o
 .rodata._ZZN3due11ad_seq_infoEmE12ad_seq_array
                0x00000000       0x70 src/pong/entities.o
 .group         0x00000000        0xc src/pong/enemy.o
 .text          0x00000000        0x0 src/pong/enemy.o
 .data          0x00000000        0x0 src/pong/enemy.o
 .bss           0x00000000        0x0 src/pong/enemy.o
 .text._ZN6sam3xa10SystemInitEv
                0x00000000       0x7c src/pong/enemy.o
[...]
Memory Configuration

Name             Origin             Length             Attributes
rom              0x00000000         0x00080000         xr
ram              0x20070000         0x00018000         xrw
nul              0x20088000         0x00000000         xrw
*default*        0x00000000         0xffffffff

Linker script and memory map

LOAD c:/ti_spul/v1oopc-examples/nieuwe_omgeving/gcc-arm-none-eabi-9-2019-q4-major-win32/bin/../lib/gcc/arm-none-eabi/9.2.1/thumb/v7-m/nofp\libgcc.a
LOAD src/pong/entities.o
LOAD src/pong/enemy.o
LOAD src/pong/player.o
LOAD lib/MPU.o
LOAD src/dodge/obstacle.o
LOAD hwlib.o
LOAD main.o
LOAD bmptk_cortex.o
LOAD bmptk_heap_none.o
LOAD bmptk_fixed_size_stack.o
LOAD c:/ti_spul/v1oopc-examples/nieuwe_omgeving/gcc-arm-none-eabi-9-2019-q4-major-win32/bin/../lib/gcc/arm-none-eabi/9.2.1/../../../../arm-none-eabi/lib/thumb/v7-m/nofp\libm.a
LOAD c:/ti_spul/v1oopc-examples/nieuwe_omgeving/gcc-arm-none-eabi-9-2019-q4-major-win32/bin/../lib/gcc/arm-none-eabi/9.2.1/thumb/v7-m/nofp\libgcc.a
LOAD c:/ti_spul/v1oopc-examples/nieuwe_omgeving/gcc-arm-none-eabi-9-2019-q4-major-win32/bin/../lib/gcc/arm-none-eabi/9.2.1/../../../../arm-none-eabi/lib/thumb/v7-m/nofp\libc.a
                0x00000000                __rom_start = ORIGIN (rom)
                0x00080000                __rom_size = LENGTH (rom)
                0x00080000                __rom_end = (__rom_start + __rom_size)
                0x20070000                __ram_start = ORIGIN (ram)
                0x00018000                __ram_size = LENGTH (ram)
                0x20088000                __ram_end = (__ram_start + __ram_size)
                [!provide]                PROVIDE (__rom_start = __rom_start)
                [!provide]                PROVIDE (__rom_size = __rom_size)
                [!provide]                PROVIDE (__rom_end = __rom_end)
                [!provide]                PROVIDE (__ram_start = __ram_start)
                [!provide]                PROVIDE (__ram_size = __ram_size)
                [!provide]                PROVIDE (__ram_end = __ram_end)

.text           0x00000000     0x4374
                0x00000000                . = ALIGN (0x4)
                0x00000000                __text_start = .
                [!provide]                PROVIDE (__text_start = __text_start)
                0x00000000                . = ALIGN (0x4)
 *(.vectors)
 .vectors       0x00000000       0x40 bmptk_cortex.o
                0x00000000                __vectors
                0x00000040                . = ALIGN (0x4)
 *(.EXTI)
 .EXTI          0x00000040       0x78 bmptk_cortex.o
                0x00000040                __externalISR
                0x000000b8                . = ALIGN (0x4)
 *(.text .text.* .gnu.linkonce.t.*)
 .text._ZN5hwlib8terminal10cursor_setENS_2xyE
                0x000000b8       0x28 src/pong/entities.o
                0x000000b8                hwlib::terminal::cursor_set(hwlib::xy)
 .text._ZN5hwlib13terminal_from25cursor_set_implementationENS_2xyE
                0x000000e0       0x28 src/pong/entities.o
                0x000000e0                hwlib::terminal_from::cursor_set_implementation(hwlib::xy)
 .text._ZN5hwlib13terminal_from5clearEv
                0x00000108       0x30 src/pong/entities.o
                0x00000108                hwlib::terminal_from::clear()
 .text._ZN5hwlib13terminal_from5flushEv
                0x00000138        0x8 src/pong/entities.o
                0x00000138                hwlib::terminal_from::flush()
 .text._ZNK5hwlib16font_default_8x8ixEc
                0x00000140       0x14 src/pong/entities.o
                0x00000140                hwlib::font_default_8x8::operator[](char) const
 .text._ZN4ball6updateEv
                0x00000154       0x20 src/pong/entities.o
                0x00000154                ball::update()
 .text._ZN4ball5resetEv
                0x00000174       0x28 src/pong/entities.o
                0x00000174                ball::reset()
 .text._ZN6border6updateEv
                0x0000019c        0x2 src/pong/entities.o
                0x0000019c                border::update()
 .text._ZN6border8interactERK6sprite
                0x0000019e        0x2 src/pong/entities.o
                0x0000019e                border::interact(sprite const&)
 .text._ZN6border5resetEv
                0x000001a0       0x1c src/pong/entities.o
                0x000001a0                border::reset()
 .text._ZN9deathwall5resetEv
                0x000001bc       0x10 src/pong/entities.o
                0x000001bc                deathwall::reset()
 .text._ZN5hwlib8terminal4putcEc
                0x000001cc       0xde src/pong/entities.o
                0x000001cc                hwlib::terminal::putc(char)
 .text._ZN5hwlib7ostreamlsEc
                0x000002aa        0xe src/pong/entities.o
                0x000002aa                hwlib::ostream::operator<<(char)
 .text._ZN5hwliblsERNS_7ostreamEPKc
                0x000002b8       0x60 src/pong/entities.o
                0x000002b8                hwlib::operator<<(hwlib::ostream&, char const*)
 .text._ZN5hwlib6window5writeENS_2xyENS_5colorE
                0x00000318       0x5c src/pong/entities.o
                0x00000318                hwlib::window::write(hwlib::xy, hwlib::color)
 .text._ZN4ball4drawEv
                0x00000374       0x40 src/pong/entities.o
                0x00000374                ball::draw()
 .text._ZN6border4drawEv
                0x000003b4       0x40 src/pong/entities.o
                0x000003b4                border::draw()
 .text._ZN5hwlib6window5writeENS_2xyERKNS_5imageE
                0x000003f4       0x9a src/pong/entities.o
                0x000003f4                hwlib::window::write(hwlib::xy, hwlib::image const&)
 .text._ZN5hwlib13terminal_from19putc_implementationEc
                0x0000048e       0x2c src/pong/entities.o
                0x0000048e                hwlib::terminal_from::putc_implementation(char)
 *fill*         0x000004ba        0x2 
 .text._ZN5hwlib13terminal_fromC2ERNS_6windowERKNS_4fontE
                0x000004bc       0x50 src/pong/entities.o
                0x000004bc                hwlib::terminal_from::terminal_from(hwlib::window&, hwlib::font const&)
                0x000004bc                hwlib::terminal_from::terminal_from(hwlib::window&, hwlib::font const&)
 .text._ZN6sam3xa10SystemInitEv
                0x0000050c       0x7c src/pong/entities.o
                0x0000050c                sam3xa::SystemInit()
 .text._ZN3due8pin_infoENS_4pinsE
                0x00000588       0x20 src/pong/entities.o
                0x00000588                due::pin_info(due::pins)
 .text._ZN3due14port_registersEm
                0x000005a8       0x38 src/pong/entities.o
                0x000005a8                due::port_registers(unsigned long)
 .text._ZN3due12ticks_per_usEv
                0x000005e0        0x6 src/pong/entities.o
                0x000005e0                due::ticks_per_us()
 *fill*         0x000005e6        0x2 
 .text._ZN3due9now_ticksEv
                0x000005e8       0x7c src/pong/entities.o
                0x000005e8                due::now_ticks()
 .text._ZN5hwlib9uart_putcEc
                0x00000664        0x4 src/pong/entities.o
                0x00000664                hwlib::uart_putc(char)
 .text._ZN4ball8overlapsERK6sprite
                0x00000668      0x180 src/pong/entities.o
                0x00000668                ball::overlaps(sprite const&)
 .text._ZN4ball8interactERK6sprite
                0x000007e8       0x22 src/pong/entities.o
                0x000007e8                ball::interact(sprite const&)
 .text._ZN4ball14check_next_posERK6sprite
                0x0000080a       0x24 src/pong/entities.o
                0x0000080a                ball::check_next_pos(sprite const&)
 .text._ZN6border8overlapsERK6sprite
                0x0000082e       0xaa src/pong/entities.o
                0x0000082e                border::overlaps(sprite const&)
 .text._ZN9deathwall8gameOverEv
                0x000008d8       0x54 src/pong/entities.o
                0x000008d8                deathwall::gameOver()
 .text._ZN9deathwall7gameWonEv
                0x0000092c       0x54 src/pong/entities.o
                0x0000092c                deathwall::gameWon()
 .text._ZN9deathwall8interactERK6sprite
                0x00000980       0x2e src/pong/entities.o
                0x00000980                deathwall::interact(sprite const&)
 .text._ZN5enemy10get_targetERK6sprite
                0x000009ae       0x12 src/pong/enemy.o
                0x000009ae                enemy::get_target(sprite const&)
 .text._ZN5enemy13move_toTargetEv
                0x000009c0       0x5c src/pong/enemy.o
                0x000009c0                enemy::move_toTarget()
 .text._ZN5enemy6updateEv
                0x00000a1c        0x4 src/pong/enemy.o
                0x00000a1c                enemy::update()
 .text._ZN5enemy14check_next_posERK6borderS2_
                0x00000a20       0x26 src/pong/enemy.o
                0x00000a20                enemy::check_next_pos(border const&, border const&)
 .text._ZN5hwlib14i2c_primitives8read_ackEv
                0x00000a46       0x10 src/pong/player.o
                0x00000a46                hwlib::i2c_primitives::read_ack()
 .text._ZN5hwlib14i2c_primitives9write_ackEv
                0x00000a56        0x8 src/pong/player.o
                0x00000a56                hwlib::i2c_primitives::write_ack()
 .text._ZN5hwlib14i2c_primitives10write_nackEv
                0x00000a5e        0x8 src/pong/player.o
                0x00000a5e                hwlib::i2c_primitives::write_nack()
 .text._ZN5hwlib14i2c_primitives5writeEh
                0x00000a66       0x1c src/pong/player.o
                0x00000a66                hwlib::i2c_primitives::write(unsigned char)
 .text._ZN5hwlib14i2c_primitives5writeEPKhj
                0x00000a82       0x24 src/pong/player.o
                0x00000a82                hwlib::i2c_primitives::write(unsigned char const*, unsigned int)
 .text._ZN5hwlib14i2c_primitives9read_byteEv
                0x00000aa6       0x20 src/pong/player.o
                0x00000aa6                hwlib::i2c_primitives::read_byte()
 .text._ZN5hwlib14i2c_primitives4readEbPhj
                0x00000ac6       0x36 src/pong/player.o
                0x00000ac6                hwlib::i2c_primitives::read(bool, unsigned char*, unsigned int)
 .text._ZN3due6pin_oc4readEv
                0x00000afc       0x10 src/pong/player.o
                0x00000afc                due::pin_oc::read()
 .text._ZN3due6pin_oc5writeEb
                0x00000b0c       0x10 src/pong/player.o
                0x00000b0c                due::pin_oc::write(bool)
 .text._ZN3due6pin_oc5flushEv
                0x00000b1c        0x2 src/pong/player.o
                0x00000b1c                due::pin_oc::flush()
 .text._ZN3due6pin_oc7refreshEv
                0x00000b1e        0x2 src/pong/player.o
                0x00000b1e                due::pin_oc::refresh()
 .text._ZN5hwlib26i2c_bus_bit_banged_scl_sda16wait_half_periodEv.isra.0
                0x00000b20        0x6 src/pong/player.o
 .text._ZN5hwlib26i2c_bus_bit_banged_scl_sda10write_stopEv
                0x00000b26       0x60 src/pong/player.o
                0x00000b26                hwlib::i2c_bus_bit_banged_scl_sda::write_stop()
 .text._ZN5hwlib26i2c_bus_bit_banged_scl_sda11write_startEv
                0x00000b86       0x34 src/pong/player.o
                0x00000b86                hwlib::i2c_bus_bit_banged_scl_sda::write_start()
 .text._ZN5hwlib26i2c_bus_bit_banged_scl_sda8read_bitEv
                0x00000bba       0x68 src/pong/player.o
                0x00000bba                hwlib::i2c_bus_bit_banged_scl_sda::read_bit()
 .text._ZN5hwlib26i2c_bus_bit_banged_scl_sda9write_bitEb
                0x00000c22       0x52 src/pong/player.o
                0x00000c22                hwlib::i2c_bus_bit_banged_scl_sda::write_bit(bool)
 .text._ZN3due6pin_ocC2ENS_4pinsE
                0x00000c74       0x34 src/pong/player.o
                0x00000c74                due::pin_oc::pin_oc(due::pins)
                0x00000c74                due::pin_oc::pin_oc(due::pins)
 .text._ZN6Player12get_movementEv
                0x00000ca8       0x78 src/pong/player.o
                0x00000ca8                Player::get_movement()
 .text._ZN6Player14check_next_posERK6borderS2_
                0x00000d20       0x26 src/pong/player.o
                0x00000d20                Player::check_next_pos(border const&, border const&)
 .text._ZN5hwliblsERNS_7ostreamENS_6_flushE.isra.0
                0x00000d46        0xe lib/MPU.o
 .text._ZN5hwlib21i2c_write_transaction5writeEh.isra.0
                0x00000d54       0x18 lib/MPU.o
 .text._ZN5hwliblsERNS_7ostreamEi
                0x00000d6c       0xca lib/MPU.o
                0x00000d6c                hwlib::operator<<(hwlib::ostream&, int)
 .text._ZN5hwlib21i2c_write_transactionC2ERNS_14i2c_primitivesEj
                0x00000e36       0x24 lib/MPU.o
                0x00000e36                hwlib::i2c_write_transaction::i2c_write_transaction(hwlib::i2c_primitives&, unsigned int)
                0x00000e36                hwlib::i2c_write_transaction::i2c_write_transaction(hwlib::i2c_primitives&, unsigned int)
 .text._ZN5hwlib21i2c_write_transactionD2Ev
                0x00000e5a       0x18 lib/MPU.o
                0x00000e5a                hwlib::i2c_write_transaction::~i2c_write_transaction()
                0x00000e5a                hwlib::i2c_write_transaction::~i2c_write_transaction()
 .text._ZN5hwlib20i2c_read_transactionD2Ev
                0x00000e72       0x18 lib/MPU.o
                0x00000e72                hwlib::i2c_read_transaction::~i2c_read_transaction()
                0x00000e72                hwlib::i2c_read_transaction::~i2c_read_transaction()
 .text._ZN7MPU605013writeRegisterEhh
                0x00000e8a       0x30 lib/MPU.o
                0x00000e8a                MPU6050::writeRegister(unsigned char, unsigned char)
 *fill*         0x00000eba        0x6 
 .text._ZN7MPU60505setupEa
                0x00000ec0      0x168 lib/MPU.o
                0x00000ec0                MPU6050::setup(signed char)
 .text._ZN7MPU605012readRegisterEhPhh
                0x00001028       0x7e lib/MPU.o
                0x00001028                MPU6050::readRegister(unsigned char, unsigned char*, unsigned char)
 .text._ZN7MPU605016getAccdata_scaleEi
                0x000010a6       0x78 lib/MPU.o
                0x000010a6                MPU6050::getAccdata_scale(int)
 .text._ZN7MPU605017getGyrodata_scaleEi
                0x0000111e       0x78 lib/MPU.o
                0x0000111e                MPU6050::getGyrodata_scale(int)
 *fill*         0x00001196        0x2 
 .text._ZN7MPU605011getTempdataEv
                0x00001198       0x48 lib/MPU.o
                0x00001198                MPU6050::getTempdata()
 .text._ZN7MPU605016getAlldata_scaleEi
                0x000011e0       0x4c lib/MPU.o
                0x000011e0                MPU6050::getAlldata_scale(int)
 .text._ZN7MPU605010getAccdataEv
                0x0000122c       0x58 lib/MPU.o
                0x0000122c                MPU6050::getAccdata()
 .text._ZN7MPU605011getGyrodataEv
                0x00001284       0x84 lib/MPU.o
                0x00001284                MPU6050::getGyrodata()
 .text._ZN7MPU605010getAlldataEv
                0x00001308       0x48 lib/MPU.o
                0x00001308                MPU6050::getAlldata()
 .text._ZN7MPU605014getAccdata_rawEv
                0x00001350       0x40 lib/MPU.o
                0x00001350                MPU6050::getAccdata_raw()
 .text._ZN7MPU605015getGyrodata_rawEv
                0x00001390       0x40 lib/MPU.o
                0x00001390                MPU6050::getGyrodata_raw()
 .text._ZN7MPU605015getTempdata_rawEv
                0x000013d0       0x20 lib/MPU.o
                0x000013d0                MPU6050::getTempdata_raw()
 .text._ZN7MPU605014getAlldata_rawEv
                0x000013f0       0x48 lib/MPU.o
                0x000013f0                MPU6050::getAlldata_raw()
 .text._ZN7MPU605016interrupt_enableEv
                0x00001438       0x1a lib/MPU.o
                0x00001438                MPU6050::interrupt_enable()
 .text._ZN7MPU605017interrupt_disableEv
                0x00001452       0x1a lib/MPU.o
                0x00001452                MPU6050::interrupt_disable()
 .text._ZN7MPU605014read_interruptEPh
                0x0000146c        0xa lib/MPU.o
                0x0000146c                MPU6050::read_interrupt(unsigned char*)
 .text._ZN7MPU605011fifo_enableEv
                0x00001476        0x8 lib/MPU.o
                0x00001476                MPU6050::fifo_enable()
 .text._ZN7MPU605012fifo_disableEv
                0x0000147e        0x8 lib/MPU.o
                0x0000147e                MPU6050::fifo_disable()
 *fill*         0x00001486        0x2 
 .text._ZN7MPU605014fifo_read_testEv
                0x00001488      0x140 lib/MPU.o
                0x00001488                MPU6050::fifo_read_test()
 .text._ZN7MPU605010fifo_resetEv
                0x000015c8        0x8 lib/MPU.o
                0x000015c8                MPU6050::fifo_reset()
 .text._ZN7MPU60504testERN5hwlib6pin_inERNS0_29glcd_oled_i2c_128x64_bufferedERNS0_7pin_outES6_
                0x000015d0      0x554 lib/MPU.o
                0x000015d0                MPU6050::test(hwlib::pin_in&, hwlib::glcd_oled_i2c_128x64_buffered&, hwlib::pin_out&, hwlib::pin_out&)
 .text._ZN5dodge8obstacle5resetEv
                0x00001b24       0x1c src/dodge/obstacle.o
                0x00001b24                dodge::obstacle::reset()
 .text._ZN5dodge8obstacle6updateEv
                0x00001b40       0x1e src/dodge/obstacle.o
                0x00001b40                dodge::obstacle::update()
 .text._ZN5dodge8obstacle8interactERNS_6spriteE
                0x00001b5e        0x2 src/dodge/obstacle.o
                0x00001b5e                dodge::obstacle::interact(dodge::sprite&)
 .text._ZN5dodge6Player5resetEv
                0x00001b60       0x3a src/dodge/obstacle.o
                0x00001b60                dodge::Player::reset()
 *fill*         0x00001b9a        0x2 
 .text._ZN5dodge8obstacle4drawEv
                0x00001b9c       0x40 src/dodge/obstacle.o
                0x00001b9c                dodge::obstacle::draw()
 .text._ZN5dodge6Player4drawEv
                0x00001bdc       0x58 src/dodge/obstacle.o
                0x00001bdc                dodge::Player::draw()
 .text._ZN5dodge6Player12change_pos_xEa
                0x00001c34       0x1e src/dodge/obstacle.o
                0x00001c34                dodge::Player::change_pos_x(signed char)
 .text._ZN5dodge6Player12change_pos_yEa
                0x00001c52       0x1e src/dodge/obstacle.o
                0x00001c52                dodge::Player::change_pos_y(signed char)
 .text._ZN5dodge6Player14check_next_posEv
                0x00001c70       0x7a src/dodge/obstacle.o
                0x00001c70                dodge::Player::check_next_pos()
 .text._ZN5dodge6Player6updateEv
                0x00001cea       0x36 src/dodge/obstacle.o
                0x00001cea                dodge::Player::update()
 .text._ZN5dodge6Player8overlapsERNS_6spriteE
                0x00001d20       0xa0 src/dodge/obstacle.o
                0x00001d20                dodge::Player::overlaps(dodge::sprite&)
 .text._ZN5dodge6Player8interactERNS_6spriteE
                0x00001dc0       0x16 src/dodge/obstacle.o
                0x00001dc0                dodge::Player::interact(dodge::sprite&)
 *fill*         0x00001dd6        0x2 
 .text._ZN5dodge6Player8gameOverEv
                0x00001dd8       0x50 src/dodge/obstacle.o
                0x00001dd8                dodge::Player::gameOver()
 .text._ZN5dodge6Player7gameWonEv
                0x00001e28       0x50 src/dodge/obstacle.o
                0x00001e28                dodge::Player::gameWon()
 .text._ZN5hwlib20cout_using_uart_putc5flushEv
                0x00001e78        0x2 hwlib.o
                0x00001e78                hwlib::cout_using_uart_putc::flush()
 *fill*         0x00001e7a        0x2 
 .text._ZNK5hwlib9image_8x819read_implementationENS_2xyE
                0x00001e7c       0x4c hwlib.o
                0x00001e7c                hwlib::image_8x8::read_implementation(hwlib::xy) const
 .text._ZN5hwlib6window20clear_implementationENS_5colorE
                0x00001ec8       0x6c hwlib.o
                0x00001ec8                hwlib::window::clear_implementation(hwlib::color)
 .text._ZN5hwlib6window5clearENS_5colorE
                0x00001f34       0x3c hwlib.o
                0x00001f34                hwlib::window::clear(hwlib::color)
 .text._ZN5hwlib5panicEPKcj
                0x00001f70        0x2 hwlib.o
                0x00001f70                hwlib::panic(char const*, unsigned int)
 *fill*         0x00001f72        0x2 
 .text._ZN5hwlib15background_base18do_background_workEv
                0x00001f74       0x3c hwlib.o
                0x00001f74                hwlib::background_base::do_background_work()
 .text._ZN5hwlib3allENS_2xyE
                0x00001fb0       0x16 hwlib.o
                0x00001fb0                hwlib::all(hwlib::xy)
 .text._ZNK5hwlib5colorngEv
                0x00001fc6       0x2e hwlib.o
                0x00001fc6                hwlib::color::operator-() const
 .text._ZNK5hwlib5image4readENS_2xyE
                0x00001ff4       0x38 hwlib.o
                0x00001ff4                hwlib::image::read(hwlib::xy) const
 .text._ZNK5hwlib14image_invert_t19read_implementationENS_2xyE
                0x0000202c       0x4a hwlib.o
                0x0000202c                hwlib::image_invert_t::read_implementation(hwlib::xy) const
 *fill*         0x00002076        0x2 
 .text._ZN5hwlib6invertERKNS_5imageE
                0x00002078       0x18 hwlib.o
                0x00002078                hwlib::invert(hwlib::image const&)
 .text._ZN3due9uart_initEv
                0x00002090       0x60 hwlib.o
                0x00002090                due::uart_init()
 .text._ZN3due9uart_putcEc
                0x000020f0       0x20 hwlib.o
                0x000020f0                due::uart_putc(char)
 .text._ZN5hwlib20cout_using_uart_putc4putcEc
                0x00002110        0xa hwlib.o
                0x00002110                hwlib::cout_using_uart_putc::putc(char)
 .text._ZN5hwlib9now_ticksEv
                0x0000211a        0x8 hwlib.o
                0x0000211a                hwlib::now_ticks()
 .text._ZN5hwlib6now_usEv
                0x00002122       0x1c hwlib.o
                0x00002122                hwlib::now_us()
 .text._ZN5hwlib7wait_usEi
                0x0000213e       0x22 hwlib.o
                0x0000213e                hwlib::wait_us(int)
 .text._ZN5hwlib7wait_msEi
                0x00002160       0x16 hwlib.o
                0x00002160                hwlib::wait_ms(int)
 .text._ZN5hwlib29glcd_oled_i2c_128x64_buffered20write_implementationENS_2xyENS_5colorE
                0x00002176       0x64 main.o
                0x00002176                hwlib::glcd_oled_i2c_128x64_buffered::write_implementation(hwlib::xy, hwlib::color)
 .text._ZN3due6pin_in4readEv
                0x000021da       0x10 main.o
                0x000021da                due::pin_in::read()
 .text._ZN3due6pin_in7refreshEv
                0x000021ea        0x2 main.o
                0x000021ea                due::pin_in::refresh()
 .text._ZN3due7pin_out5writeEb
                0x000021ec        0xe main.o
                0x000021ec                due::pin_out::write(bool)
 .text._ZN3due7pin_out5flushEv
                0x000021fa        0x2 main.o
                0x000021fa                due::pin_out::flush()
 .text._ZN5hwlib21i2c_write_transaction5writeEPKhj.isra.0
                0x000021fc        0x6 main.o
 .text._ZN5hwlib11ssd1306_i2c7commandENS_16ssd1306_commandsEhh
                0x00002202       0x3c main.o
                0x00002202                hwlib::ssd1306_i2c::command(hwlib::ssd1306_commands, unsigned char, unsigned char)
 .text._ZN5hwlib29glcd_oled_i2c_128x64_buffered5flushEv
                0x0000223e       0x58 main.o
                0x0000223e                hwlib::glcd_oled_i2c_128x64_buffered::flush()
 *fill*         0x00002296        0x2 
 .text._ZN3due6pin_inC2ENS_4pinsE
                0x00002298       0x34 main.o
                0x00002298                due::pin_in::pin_in(due::pins)
                0x00002298                due::pin_in::pin_in(due::pins)
 .text._ZN3due7pin_outC2ENS_4pinsE
                0x000022cc       0x34 main.o
                0x000022cc                due::pin_out::pin_out(due::pins)
                0x000022cc                due::pin_out::pin_out(due::pins)
 .text._ZN5dodge8obstacleC2ERN5hwlib6windowENS1_2xyES4_S4_
                0x00002300       0x50 main.o
                0x00002300                dodge::obstacle::obstacle(hwlib::window&, hwlib::xy, hwlib::xy, hwlib::xy)
                0x00002300                dodge::obstacle::obstacle(hwlib::window&, hwlib::xy, hwlib::xy, hwlib::xy)
 .text._Z9play_pongRN5hwlib29glcd_oled_i2c_128x64_bufferedER7MPU6050RNS_6pin_inE
                0x00002350      0x2b4 main.o
                0x00002350                play_pong(hwlib::glcd_oled_i2c_128x64_buffered&, MPU6050&, hwlib::pin_in&)
 .text._Z10play_dodgeR7MPU6050RN5hwlib29glcd_oled_i2c_128x64_bufferedERNS1_6pin_inE
                0x00002604      0x274 main.o
                0x00002604                play_dodge(MPU6050&, hwlib::glcd_oled_i2c_128x64_buffered&, hwlib::pin_in&)
 .text.startup.main
                0x00002878      0x204 main.o
                0x00002878                main
 .text.__startup
                0x00002a7c       0x40 bmptk_cortex.o
                0x00002a7c                __startup
 .text.__cxa_pure_virtual
                0x00002abc        0x2 bmptk_cortex.o
                0x00002abc                __cxa_pure_virtual
 *fill*         0x00002abe        0x2 
 .text          0x00002ac0      0x378 c:/ti_spul/v1oopc-examples/nieuwe_omgeving/gcc-arm-none-eabi-9-2019-q4-major-win32/bin/../lib/gcc/arm-none-eabi/9.2.1/thumb/v7-m/nofp\libgcc.a(_arm_addsubdf3.o)
                0x00002ac0                __aeabi_drsub
                0x00002ac8                __aeabi_dsub
                0x00002ac8                __subdf3
                0x00002acc                __aeabi_dadd
                0x00002acc                __adddf3
                0x00002d44                __floatunsidf
                0x00002d44                __aeabi_ui2d
                0x00002d64                __floatsidf
                0x00002d64                __aeabi_i2d
                0x00002d88                __aeabi_f2d
                0x00002d88                __extendsfdf2
                0x00002dcc                __floatundidf
                0x00002dcc                __aeabi_ul2d
                0x00002ddc                __floatdidf
                0x00002ddc                __aeabi_l2d
 .text          0x00002e38      0x424 c:/ti_spul/v1oopc-examples/nieuwe_omgeving/gcc-arm-none-eabi-9-2019-q4-major-win32/bin/../lib/gcc/arm-none-eabi/9.2.1/thumb/v7-m/nofp\libgcc.a(_arm_muldivdf3.o)
                0x00002e38                __aeabi_dmul
                0x00002e38                __muldf3
                0x0000308c                __divdf3
                0x0000308c                __aeabi_ddiv
 .text          0x0000325c       0x50 c:/ti_spul/v1oopc-examples/nieuwe_omgeving/gcc-arm-none-eabi-9-2019-q4-major-win32/bin/../lib/gcc/arm-none-eabi/9.2.1/thumb/v7-m/nofp\libgcc.a(_arm_fixdfsi.o)
                0x0000325c                __aeabi_d2iz
                0x0000325c                __fixdfsi
 .text          0x000032ac       0x30 c:/ti_spul/v1oopc-examples/nieuwe_omgeving/gcc-arm-none-eabi-9-2019-q4-major-win32/bin/../lib/gcc/arm-none-eabi/9.2.1/thumb/v7-m/nofp\libgcc.a(_aeabi_uldivmod.o)
                0x000032ac                __aeabi_uldivmod
 .text          0x000032dc      0x2c4 c:/ti_spul/v1oopc-examples/nieuwe_omgeving/gcc-arm-none-eabi-9-2019-q4-major-win32/bin/../lib/gcc/arm-none-eabi/9.2.1/thumb/v7-m/nofp\libgcc.a(_udivmoddi4.o)
                0x000032dc                __udivmoddi4
 .text          0x000035a0        0x4 c:/ti_spul/v1oopc-examples/nieuwe_omgeving/gcc-arm-none-eabi-9-2019-q4-major-win32/bin/../lib/gcc/arm-none-eabi/9.2.1/thumb/v7-m/nofp\libgcc.a(_dvmd_tls.o)
                0x000035a0                __aeabi_ldiv0
 .text.srand    0x000035a4       0x10 c:/ti_spul/v1oopc-examples/nieuwe_omgeving/gcc-arm-none-eabi-9-2019-q4-major-win32/bin/../lib/gcc/arm-none-eabi/9.2.1/../../../../arm-none-eabi/lib/thumb/v7-m/nofp\libc.a(lib_a-rand.o)
                0x000035a4                srand
 .text.rand     0x000035b4       0x3c c:/ti_spul/v1oopc-examples/nieuwe_omgeving/gcc-arm-none-eabi-9-2019-q4-major-win32/bin/../lib/gcc/arm-none-eabi/9.2.1/../../../../arm-none-eabi/lib/thumb/v7-m/nofp\libc.a(lib_a-rand.o)
                0x000035b4                rand
                0x000035f0                . = ALIGN (0x4)
 *(.glue_7t .glue_7)
 .glue_7        0x000035f0        0x0 linker stubs
 .glue_7t       0x000035f0        0x0 linker stubs
                0x000035f0                . = ALIGN (0x4)
 *(.rodata .rodata.* .gnu.linkonce.r.*)
 .rodata._ZN3due8pin_infoENS_4pinsE.str1.1
                0x000035f0       0x32 src/pong/entities.o
 .rodata._ZN9deathwall8gameOverEv.str1.1
                0x00003622       0x12 src/pong/entities.o
 .rodata._ZN9deathwall7gameWonEv.str1.1
                0x00003634        0xe src/pong/entities.o
 *fill*         0x00003642        0x2 
 .rodata._ZTVN5hwlib13terminal_fromE
                0x00003644       0x20 src/pong/entities.o
                0x00003644                vtable for hwlib::terminal_from
 .rodata._ZTVN5hwlib16font_default_8x8E
                0x00003664        0xc src/pong/entities.o
                0x00003664                vtable for hwlib::font_default_8x8
 .rodata._ZN5hwlibL11unspecifiedE
                0x00003670        0x4 src/pong/entities.o
 .rodata._ZTV4ball
                0x00003674       0x18 src/pong/entities.o
                0x00003674                vtable for ball
 .rodata._ZTV6border
                0x0000368c       0x18 src/pong/entities.o
                0x0000368c                vtable for border
 .rodata._ZTV9deathwall
                0x000036a4       0x18 src/pong/entities.o
                0x000036a4                vtable for deathwall
 .rodata._ZZN3due8pin_infoENS_4pinsEE14pin_info_array
                0x000036bc       0xa4 src/pong/entities.o
 .rodata._ZTV5enemy
                0x00003760       0x18 src/pong/enemy.o
                0x00003760                vtable for enemy
 .rodata._ZTVN5hwlib26i2c_bus_bit_banged_scl_sdaE
                0x00003778       0x34 src/pong/player.o
                0x00003778                vtable for hwlib::i2c_bus_bit_banged_scl_sda
 .rodata._ZTVN3due6pin_ocE
                0x000037ac       0x18 src/pong/player.o
                0x000037ac                vtable for due::pin_oc
 .rodata._ZN7MPU60504testERN5hwlib6pin_inERNS0_29glcd_oled_i2c_128x64_bufferedERNS0_7pin_outES6_.str1.1
                0x000037c4       0x61 lib/MPU.o
                                 0x7e (size before relaxing)
 .rodata._ZN5hwlibL11unspecifiedE
                0x00003825        0x4 lib/MPU.o
 .rodata._ZN5dodge6Player8gameOverEv.str1.1
                0x00003829       0x12 src/dodge/obstacle.o
 .rodata._ZN5dodge6Player7gameWonEv.str1.1
                0x00003829        0xe src/dodge/obstacle.o
 .rodata._ZN5hwlibL11unspecifiedE
                0x00003829        0x4 src/dodge/obstacle.o
 *fill*         0x0000382d        0x3 
 .rodata._ZTVN5dodge6PlayerE
                0x00003830       0x18 src/dodge/obstacle.o
                0x00003830                vtable for dodge::Player
 .rodata._ZTVN5dodge8obstacleE
                0x00003848       0x18 src/dodge/obstacle.o
                0x00003848                vtable for dodge::obstacle
 .rodata._ZTVN5hwlib20cout_using_uart_putcE
                0x00003860       0x10 hwlib.o
                0x00003860                vtable for hwlib::cout_using_uart_putc
 .rodata._ZTVN5hwlib9image_8x8E
                0x00003870        0xc hwlib.o
                0x00003870                vtable for hwlib::image_8x8
 .rodata._ZTVN5hwlib14image_invert_tE
                0x0000387c        0xc hwlib.o
                0x0000387c                vtable for hwlib::image_invert_t
 .rodata._ZTVN5hwlib6windowE
                0x00003888       0x18 hwlib.o
                0x00003888                vtable for hwlib::window
 .rodata._ZN5hwlib16font_default_8x86imagesE
                0x000038a0      0xa00 hwlib.o
                0x000038a0                hwlib::font_default_8x8::images
 .rodata._ZN5hwlibL5blackE
                0x000042a0        0x4 hwlib.o
 .rodata._ZN5hwlibL5whiteE
                0x000042a4        0x4 hwlib.o
 .rodata.main.str1.1
                0x000042a8       0x47 main.o
 *fill*         0x000042ef        0x1 
 .rodata._ZTVN5hwlib29glcd_oled_i2c_128x64_bufferedE
                0x000042f0       0x18 main.o
                0x000042f0                vtable for hwlib::glcd_oled_i2c_128x64_buffered
 .rodata._ZTVN3due6pin_inE
                0x00004308       0x10 main.o
                0x00004308                vtable for due::pin_in
 .rodata._ZTVN3due7pin_outE
                0x00004318       0x10 main.o
                0x00004318                vtable for due::pin_out
 .rodata._ZTV6Player
                0x00004328       0x18 main.o
                0x00004328                vtable for Player
 .rodata._ZN5hwlibL11unspecifiedE
                0x00004340        0x4 main.o
 .rodata._ZN5hwlibL22ssd1306_initializationE
                0x00004344       0x29 main.o
 .rodata._ZN5hwlibL5blackE
                0x0000436d        0x4 main.o
                0x00004374                . = ALIGN (0x4)
 *fill*         0x00004371        0x3 
 *(.ARM.extab* .gnu.linkonce.armextab.*)
                0x00004374                . = ALIGN (0x4)
 *(.gcc_except_table)
                0x00004374                . = ALIGN (0x4)
 *(.eh_frame_hdr)
                0x00004374                . = ALIGN (0x4)
 *(.eh_frame)
                0x00004374                . = ALIGN (0x4)
                0x00004374                __text_end = .
                [!provide]                PROVIDE (__text_end = __text_end)

.vfp11_veneer   0x00004374        0x0
 .vfp11_veneer  0x00004374        0x0 linker stubs

.v4_bx          0x00004374        0x0
 .v4_bx         0x00004374        0x0 linker stubs

.iplt           0x00004374        0x0
 .iplt          0x00004374        0x0 src/pong/entities.o

.IF_YOU_SEE_THIS_YOU_HAVE_ONE_OR_MORE_GLOBAL_OBJECT_CONSTRUCTORS
 *(.init)
 *(.preinit_array)
 *(SORT_BY_NAME(.init_array.*))
 *(.init_array)
                0x00004374                . = ALIGN (0x4)
                0x00004374                __exidx_start = .
                [!provide]                PROVIDE (__exidx_start = __exidx_start)

.ARM.exidx      0x00004374        0x8
 *(.ARM.exidx* .gnu.linkonce.armexidx.*)
 .ARM.exidx     0x00004374        0x8 c:/ti_spul/v1oopc-examples/nieuwe_omgeving/gcc-arm-none-eabi-9-2019-q4-major-win32/bin/../lib/gcc/arm-none-eabi/9.2.1/thumb/v7-m/nofp\libgcc.a(_udivmoddi4.o)

.rel.dyn        0x0000437c        0x0
 .rel.iplt      0x0000437c        0x0 src/pong/entities.o
                0x0000437c                . = ALIGN (0x4)
                0x0000437c                __exidx_end = .
                [!provide]                PROVIDE (__exidx_end = __exidx_end)

.bss            0x20070000    0x1201c
                0x20070000                . = ALIGN (0x4)
                0x20070000                __stack_start = .
                [!provide]                PROVIDE (__stack_start = __stack_start)
                0x20070000                . = ALIGN (0x4)
 *(.bmptk_stack)
 .bmptk_stack   0x20070000    0x12000 bmptk_fixed_size_stack.o
                0x20070000                bmptk_stack
                0x20082000                . = ALIGN (0x8)
                0x20082000                __main_stack_end = .
                [!provide]                PROVIDE (__main_stack_end = __main_stack_end)
                0x20082000                . = ALIGN (0x4)
                0x20082000                __stack_end = .
                [!provide]                PROVIDE (__stack_end = __stack_end)
                0x20082000                . = ALIGN (0x4)
                0x20082000                __bss_start = .
                [!provide]                PROVIDE (__bss_start = __bss_start)
                0x20082000                . = ALIGN (0x4)
 *(.bss .bss.* .gnu.linkonce.b.*)
 .bss._ZZN3due9now_ticksEvE4high
                0x20082000        0x8 src/pong/entities.o
 .bss._ZZN3due9now_ticksEvE8last_low
                0x20082008        0x4 src/pong/entities.o
 .bss._ZZN3due9now_ticksEvE9init_done
                0x2008200c        0x1 src/pong/entities.o
 *fill*         0x2008200d        0x3 
 .bss._ZN5hwlib15background_base5firstE
                0x20082010        0x4 hwlib.o
                0x20082010                hwlib::background_base::first
 .bss._ZN5hwlib15background_base7currentE
                0x20082014        0x4 hwlib.o
                0x20082014                hwlib::background_base::current
 .bss._ZN5hwlib15background_base7runningE
                0x20082018        0x1 hwlib.o
                0x20082018                hwlib::background_base::running
 .bss._ZZN3due9uart_initEvE9init_done
                0x20082019        0x1 hwlib.o
                0x2008201c                . = ALIGN (0x4)
 *fill*         0x2008201a        0x2 
 *(COMMON)
                0x2008201c                . = ALIGN (0x4)
                0x2008201c                __bss_end = .
                [!provide]                PROVIDE (__bss_end = __bss_end)

.data           0x20082020      0x448 load address 0x0000437c
                0x20082020                . = ALIGN (0x4)
                0x0000437c                __data_init_start = LOADADDR (.data)
                [!provide]                PROVIDE (__data_init_start = __data_init_start)
                0x20082020                __data_start = .
                [!provide]                PROVIDE (__data_start = __data_start)
                0x20082020                . = ALIGN (0x4)
 *(.data .data.* .gnu.linkonce.d.*)
 .data._ZN6sam3xa15SystemCoreClockE
                0x20082020        0x4 src/pong/entities.o
                0x20082020                sam3xa::SystemCoreClock
 .data._ZN3due7hw_uartE
                0x20082024        0x4 hwlib.o
                0x20082024                due::hw_uart
 .data._ZN5hwlib4coutE
                0x20082028       0x14 hwlib.o
                0x20082028                hwlib::cout
 .data._impure_ptr
                0x2008203c        0x4 c:/ti_spul/v1oopc-examples/nieuwe_omgeving/gcc-arm-none-eabi-9-2019-q4-major-win32/bin/../lib/gcc/arm-none-eabi/9.2.1/../../../../arm-none-eabi/lib/thumb/v7-m/nofp\libc.a(lib_a-impure.o)
                0x2008203c                _impure_ptr
 .data.impure_data
                0x20082040      0x428 c:/ti_spul/v1oopc-examples/nieuwe_omgeving/gcc-arm-none-eabi-9-2019-q4-major-win32/bin/../lib/gcc/arm-none-eabi/9.2.1/../../../../arm-none-eabi/lib/thumb/v7-m/nofp\libc.a(lib_a-impure.o)
                0x20082468                . = ALIGN (0x4)
                0x20082468                __data_end = .
                [!provide]                PROVIDE (__data_end = __data_end)
                0x0000437c                __data_init_end = LOADADDR (.data)
                [!provide]                PROVIDE (__data_init_end = __data_init_end)
                [!provide]                PROVIDE (__data_size = (__data_end - __data_start))
                [!provide]                PROVIDE (__data_init_size = __data_size)
                [!provide]                PROVIDE (__data_init_end = (__data_init_start + __data_init_size))

.igot.plt       0x20082468        0x0 load address 0x000047c4
 .igot.plt      0x20082468        0x0 src/pong/entities.o
                0x20082468                . = ALIGN (0x4)
                0x20082468                __heap_start = .
                [!provide]                PROVIDE (__heap_start = __heap_start)
                0x20082468                . = ALIGN (0x4)
                0x20088000                __heap_end = __ram_end
                [!provide]                PROVIDE (__heap_end = __heap_end)

.stab
 *(.stab)

.stabstr
 *(.stabstr)

.debug
 *(.debug)

.line
 *(.line)

.debug_srcinfo
 *(.debug_srcinfo)

.debug_sfnames
 *(.debug_sfnames)

.debug_aranges
 *(.debug_aranges)

.debug_pubnames
 *(.debug_pubnames)

.debug_info
 *(.debug_info .gnu.linkonce.wi.*)

.debug_abbrev
 *(.debug_abbrev)

.debug_line
 *(.debug_line)

.debug_frame    0x00000000      0x1bc
 *(.debug_frame)
 .debug_frame   0x00000000       0xac c:/ti_spul/v1oopc-examples/nieuwe_omgeving/gcc-arm-none-eabi-9-2019-q4-major-win32/bin/../lib/gcc/arm-none-eabi/9.2.1/thumb/v7-m/nofp\libgcc.a(_arm_addsubdf3.o)
 .debug_frame   0x000000ac       0x50 c:/ti_spul/v1oopc-examples/nieuwe_omgeving/gcc-arm-none-eabi-9-2019-q4-major-win32/bin/../lib/gcc/arm-none-eabi/9.2.1/thumb/v7-m/nofp\libgcc.a(_arm_muldivdf3.o)
 .debug_frame   0x000000fc       0x24 c:/ti_spul/v1oopc-examples/nieuwe_omgeving/gcc-arm-none-eabi-9-2019-q4-major-win32/bin/../lib/gcc/arm-none-eabi/9.2.1/thumb/v7-m/nofp\libgcc.a(_arm_fixdfsi.o)
 .debug_frame   0x00000120       0x2c c:/ti_spul/v1oopc-examples/nieuwe_omgeving/gcc-arm-none-eabi-9-2019-q4-major-win32/bin/../lib/gcc/arm-none-eabi/9.2.1/thumb/v7-m/nofp\libgcc.a(_aeabi_uldivmod.o)
 .debug_frame   0x0000014c       0x34 c:/ti_spul/v1oopc-examples/nieuwe_omgeving/gcc-arm-none-eabi-9-2019-q4-major-win32/bin/../lib/gcc/arm-none-eabi/9.2.1/thumb/v7-m/nofp\libgcc.a(_udivmoddi4.o)
 .debug_frame   0x00000180       0x3c c:/ti_spul/v1oopc-examples/nieuwe_omgeving/gcc-arm-none-eabi-9-2019-q4-major-win32/bin/../lib/gcc/arm-none-eabi/9.2.1/../../../../arm-none-eabi/lib/thumb/v7-m/nofp\libc.a(lib_a-rand.o)

.comment        0x00000000       0x79
 .comment       0x00000000       0x79 src/pong/entities.o
                                 0x7a (size before relaxing)
 .comment       0x00000079       0x7a src/pong/enemy.o
 .comment       0x00000079       0x7a src/pong/player.o
 .comment       0x00000079       0x7a lib/MPU.o
 .comment       0x00000079       0x7a src/dodge/obstacle.o
 .comment       0x00000079       0x7a hwlib.o
 .comment       0x00000079       0x7a main.o
 .comment       0x00000079       0x7a bmptk_cortex.o
 .comment       0x00000079       0x7a bmptk_fixed_size_stack.o

.debug_str
 *(.debug_str)

.debug_loc
 *(.debug_loc)

.debug_macinfo
 *(.debug_macinfo)

.debug_weaknames
 *(.debug_weaknames)

.debug_funcnames
 *(.debug_funcnames)

.debug_typenames
 *(.debug_typenames)

.debug_varnames
 *(.debug_varnames)

.note.gnu.arm.ident
 *(.note.gnu.arm.ident)

.ARM.attributes
                0x00000000       0x2d
 *(.ARM.attributes)
 .ARM.attributes
                0x00000000       0x2d src/pong/entities.o
 .ARM.attributes
                0x0000002d       0x2d src/pong/enemy.o
 .ARM.attributes
                0x0000005a       0x2d src/pong/player.o
 .ARM.attributes
                0x00000087       0x2d lib/MPU.o
 .ARM.attributes
                0x000000b4       0x2d src/dodge/obstacle.o
 .ARM.attributes
                0x000000e1       0x2d hwlib.o
 .ARM.attributes
                0x0000010e       0x2d main.o
 .ARM.attributes
                0x0000013b       0x2d bmptk_cortex.o
 .ARM.attributes
                0x00000168       0x2d bmptk_heap_none.o
 .ARM.attributes
                0x00000195       0x33 bmptk_fixed_size_stack.o
 .ARM.attributes
                0x000001c8       0x1d c:/ti_spul/v1oopc-examples/nieuwe_omgeving/gcc-arm-none-eabi-9-2019-q4-major-win32/bin/../lib/gcc/arm-none-eabi/9.2.1/thumb/v7-m/nofp\libgcc.a(_arm_addsubdf3.o)
 .ARM.attributes
                0x000001e5       0x1d c:/ti_spul/v1oopc-examples/nieuwe_omgeving/gcc-arm-none-eabi-9-2019-q4-major-win32/bin/../lib/gcc/arm-none-eabi/9.2.1/thumb/v7-m/nofp\libgcc.a(_arm_muldivdf3.o)
 .ARM.attributes
                0x00000202       0x1d c:/ti_spul/v1oopc-examples/nieuwe_omgeving/gcc-arm-none-eabi-9-2019-q4-major-win32/bin/../lib/gcc/arm-none-eabi/9.2.1/thumb/v7-m/nofp\libgcc.a(_arm_fixdfsi.o)
 .ARM.attributes
                0x0000021f       0x1d c:/ti_spul/v1oopc-examples/nieuwe_omgeving/gcc-arm-none-eabi-9-2019-q4-major-win32/bin/../lib/gcc/arm-none-eabi/9.2.1/thumb/v7-m/nofp\libgcc.a(_aeabi_uldivmod.o)
 .ARM.attributes
                0x0000023c       0x2d c:/ti_spul/v1oopc-examples/nieuwe_omgeving/gcc-arm-none-eabi-9-2019-q4-major-win32/bin/../lib/gcc/arm-none-eabi/9.2.1/thumb/v7-m/nofp\libgcc.a(_udivmoddi4.o)
 .ARM.attributes
                0x00000269       0x1d c:/ti_spul/v1oopc-examples/nieuwe_omgeving/gcc-arm-none-eabi-9-2019-q4-major-win32/bin/../lib/gcc/arm-none-eabi/9.2.1/thumb/v7-m/nofp\libgcc.a(_dvmd_tls.o)
 .ARM.attributes
                0x00000286       0x2d c:/ti_spul/v1oopc-examples/nieuwe_omgeving/gcc-arm-none-eabi-9-2019-q4-major-win32/bin/../lib/gcc/arm-none-eabi/9.2.1/../../../../arm-none-eabi/lib/thumb/v7-m/nofp\libc.a(lib_a-rand.o)
 .ARM.attributes
                0x000002b3       0x2d c:/ti_spul/v1oopc-examples/nieuwe_omgeving/gcc-arm-none-eabi-9-2019-q4-major-win32/bin/../lib/gcc/arm-none-eabi/9.2.1/../../../../arm-none-eabi/lib/thumb/v7-m/nofp\libc.a(lib_a-impure.o)

/DISCARD/
 *(.note.GNU-stack)
                [!provide]                PROVIDE (__text_size = (__text_end - __text_start))
                [!provide]                PROVIDE (__exidx_size = (__exidx_end - __exidx_start))
                [!provide]                PROVIDE (__bss_size = (__bss_end - __bss_start))
                [!provide]                PROVIDE (__stack_size = (__stack_end - __stack_start))
                [!provide]                PROVIDE (__heap_size = (__heap_end - __heap_start))
OUTPUT(main.elf elf32-littlearm)
