Archive member included to satisfy reference by file (symbol)

c:/ti_spul/v1oopc-examples/nieuwe_omgeving/gcc-arm-none-eabi-9-2019-q4-major-win32/bin/../lib/gcc/arm-none-eabi/9.2.1/thumb/v7-m/nofp\libgcc.a(_arm_addsubdf3.o)
                              lib/MPU.o (__aeabi_dadd)
c:/ti_spul/v1oopc-examples/nieuwe_omgeving/gcc-arm-none-eabi-9-2019-q4-major-win32/bin/../lib/gcc/arm-none-eabi/9.2.1/thumb/v7-m/nofp\libgcc.a(_arm_fixdfsi.o)
                              lib/MPU.o (__aeabi_d2iz)
c:/ti_spul/v1oopc-examples/nieuwe_omgeving/gcc-arm-none-eabi-9-2019-q4-major-win32/bin/../lib/gcc/arm-none-eabi/9.2.1/thumb/v7-m/nofp\libgcc.a(_aeabi_uldivmod.o)
                              hwlib.o (__aeabi_uldivmod)
c:/ti_spul/v1oopc-examples/nieuwe_omgeving/gcc-arm-none-eabi-9-2019-q4-major-win32/bin/../lib/gcc/arm-none-eabi/9.2.1/thumb/v7-m/nofp\libgcc.a(_udivmoddi4.o)
                              c:/ti_spul/v1oopc-examples/nieuwe_omgeving/gcc-arm-none-eabi-9-2019-q4-major-win32/bin/../lib/gcc/arm-none-eabi/9.2.1/thumb/v7-m/nofp\libgcc.a(_aeabi_uldivmod.o) (__udivmoddi4)
c:/ti_spul/v1oopc-examples/nieuwe_omgeving/gcc-arm-none-eabi-9-2019-q4-major-win32/bin/../lib/gcc/arm-none-eabi/9.2.1/thumb/v7-m/nofp\libgcc.a(_dvmd_tls.o)
                              c:/ti_spul/v1oopc-examples/nieuwe_omgeving/gcc-arm-none-eabi-9-2019-q4-major-win32/bin/../lib/gcc/arm-none-eabi/9.2.1/thumb/v7-m/nofp\libgcc.a(_aeabi_uldivmod.o) (__aeabi_ldiv0)
c:/ti_spul/v1oopc-examples/nieuwe_omgeving/gcc-arm-none-eabi-9-2019-q4-major-win32/bin/../lib/gcc/arm-none-eabi/9.2.1/../../../../arm-none-eabi/lib/thumb/v7-m/nofp\libc.a(lib_a-rand.o)
                              src/pong/enemy.o (srand)
c:/ti_spul/v1oopc-examples/nieuwe_omgeving/gcc-arm-none-eabi-9-2019-q4-major-win32/bin/../lib/gcc/arm-none-eabi/9.2.1/../../../../arm-none-eabi/lib/thumb/v7-m/nofp\libc.a(lib_a-impure.o)
                              c:/ti_spul/v1oopc-examples/nieuwe_omgeving/gcc-arm-none-eabi-9-2019-q4-major-win32/bin/../lib/gcc/arm-none-eabi/9.2.1/../../../../arm-none-eabi/lib/thumb/v7-m/nofp\libc.a(lib_a-rand.o) (_impure_ptr)

Allocating common symbols
Common symbol       size              file

__dso_handle        0x4               bmptk_cortex.o

Discarded input sections

 .group         0x00000000        0x8 src/pong/entities.o
 .group         0x00000000        0x8 src/pong/entities.o
 .group         0x00000000        0x8 src/pong/entities.o
 .group         0x00000000        0x8 src/pong/entities.o
 .group         0x00000000        0x8 src/pong/entities.o
 .group         0x00000000        0xc src/pong/entities.o
 .group         0x00000000        0x8 src/pong/entities.o
 .group         0x00000000        0xc src/pong/entities.o
 .group         0x00000000        0x8 src/pong/entities.o
 .group         0x00000000        0x8 src/pong/entities.o
 .group         0x00000000        0xc src/pong/entities.o
 .group         0x00000000        0x8 src/pong/entities.o
 .group         0x00000000        0xc src/pong/entities.o
 .group         0x00000000        0xc src/pong/entities.o
 .group         0x00000000        0xc src/pong/entities.o
 .group         0x00000000        0xc src/pong/entities.o
 .group         0x00000000        0xc src/pong/entities.o
 .group         0x00000000        0xc src/pong/entities.o
 .text          0x00000000        0x0 src/pong/entities.o
 .data          0x00000000        0x0 src/pong/entities.o
 .bss           0x00000000        0x0 src/pong/entities.o
 .text._ZN5hwlib8terminal25cursor_set_implementationENS_2xyE
                0x00000000        0xc src/pong/entities.o
 .text._ZN5hwlib8terminal5flushEv
                0x00000000        0x2 src/pong/entities.o
 .text._ZN5hwlib8terminal5clearEv
                0x00000000       0x50 src/pong/entities.o
 .text._ZN3due11ad_pin_infoENS_7ad_pinsE
                0x00000000       0x1c src/pong/entities.o
 .text._ZN3due11ad_seq_infoEm
                0x00000000       0x20 src/pong/entities.o
 .text._ZN5hwlib9uart_putcEc
                0x00000000        0x4 src/pong/entities.o
 .text._ZN5hwlib19uart_char_availableEv
                0x00000000        0x4 src/pong/entities.o
 .text._ZN5hwlib9uart_getcEv
                0x00000000        0x4 src/pong/entities.o
 .text._Z6withiniii
                0x00000000       0x12 src/pong/entities.o
 .rodata._ZZN3due11ad_pin_infoENS_7ad_pinsEE17ad_pin_info_array
                0x00000000        0xc src/pong/entities.o
 .rodata._ZZN3due11ad_seq_infoEmE12ad_seq_array
                0x00000000       0x70 src/pong/entities.o
 .group         0x00000000        0xc src/pong/enemy.o
 .text          0x00000000        0x0 src/pong/enemy.o
 .data          0x00000000        0x0 src/pong/enemy.o
 .bss           0x00000000        0x0 src/pong/enemy.o
 .text._ZN6sam3xa10SystemInitEv
                0x00000000       0x7c src/pong/enemy.o
 .rodata._ZN3due8pin_infoENS_4pinsE.str1.1
                0x00000000       0x32 src/pong/enemy.o
 .text._ZN3due8pin_infoENS_4pinsE
[...]
Memory Configuration

Name             Origin             Length             Attributes
rom              0x00000000         0x00080000         xr
ram              0x20070000         0x00018000         xrw
nul              0x20088000         0x00000000         xrw
*default*        0x00000000         0xffffffff

Linker script and memory map

LOAD c:/ti_spul/v1oopc-examples/nieuwe_omgeving/gcc-arm-none-eabi-9-2019-q4-major-win32/bin/../lib/gcc/arm-none-eabi/9.2.1/thumb/v7-m/nofp\libgcc.a
LOAD src/pong/entities.o
LOAD src/pong/enemy.o
LOAD src/pong/player.o
LOAD lib/MPU.o
LOAD src/dodge/obstacle.o
LOAD hwlib.o
LOAD main.o
LOAD bmptk_cortex.o
LOAD bmptk_heap_none.o
LOAD bmptk_fixed_size_stack.o
LOAD c:/ti_spul/v1oopc-examples/nieuwe_omgeving/gcc-arm-none-eabi-9-2019-q4-major-win32/bin/../lib/gcc/arm-none-eabi/9.2.1/../../../../arm-none-eabi/lib/thumb/v7-m/nofp\libm.a
LOAD c:/ti_spul/v1oopc-examples/nieuwe_omgeving/gcc-arm-none-eabi-9-2019-q4-major-win32/bin/../lib/gcc/arm-none-eabi/9.2.1/thumb/v7-m/nofp\libgcc.a
LOAD c:/ti_spul/v1oopc-examples/nieuwe_omgeving/gcc-arm-none-eabi-9-2019-q4-major-win32/bin/../lib/gcc/arm-none-eabi/9.2.1/../../../../arm-none-eabi/lib/thumb/v7-m/nofp\libc.a
                0x00000000                __rom_start = ORIGIN (rom)
                0x00080000                __rom_size = LENGTH (rom)
                0x00080000                __rom_end = (__rom_start + __rom_size)
                0x20070000                __ram_start = ORIGIN (ram)
                0x00018000                __ram_size = LENGTH (ram)
                0x20088000                __ram_end = (__ram_start + __ram_size)
                [!provide]                PROVIDE (__rom_start = __rom_start)
                [!provide]                PROVIDE (__rom_size = __rom_size)
                [!provide]                PROVIDE (__rom_end = __rom_end)
                [!provide]                PROVIDE (__ram_start = __ram_start)
                [!provide]                PROVIDE (__ram_size = __ram_size)
                [!provide]                PROVIDE (__ram_end = __ram_end)

.text           0x00000000     0x38b8
                0x00000000                . = ALIGN (0x4)
                0x00000000                __text_start = .
                [!provide]                PROVIDE (__text_start = __text_start)
                0x00000000                . = ALIGN (0x4)
 *(.vectors)
 .vectors       0x00000000       0x40 bmptk_cortex.o
                0x00000000                __vectors
                0x00000040                . = ALIGN (0x4)
 *(.EXTI)
 .EXTI          0x00000040       0x78 bmptk_cortex.o
                0x00000040                __externalISR
                0x000000b8                . = ALIGN (0x4)
 *(.text .text.* .gnu.linkonce.t.*)
 .text._ZN5hwlib8terminal10cursor_setENS_2xyE
                0x000000b8       0x28 src/pong/entities.o
                0x000000b8                hwlib::terminal::cursor_set(hwlib::xy)
 .text._ZN5hwlib13terminal_from25cursor_set_implementationENS_2xyE
                0x000000e0       0x28 src/pong/entities.o
                0x000000e0                hwlib::terminal_from::cursor_set_implementation(hwlib::xy)
 .text._ZN5hwlib13terminal_from5clearEv
                0x00000108       0x30 src/pong/entities.o
                0x00000108                hwlib::terminal_from::clear()
 .text._ZN5hwlib13terminal_from5flushEv
                0x00000138        0x8 src/pong/entities.o
                0x00000138                hwlib::terminal_from::flush()
 .text._ZNK5hwlib16font_default_8x8ixEc
                0x00000140       0x14 src/pong/entities.o
                0x00000140                hwlib::font_default_8x8::operator[](char) const
 .text._ZN4ball6updateEv
                0x00000154       0x20 src/pong/entities.o
                0x00000154                ball::update()
 .text._ZN6border6updateEv
                0x00000174        0x2 src/pong/entities.o
                0x00000174                border::update()
 .text._ZN6border8interactERK6sprite
                0x00000176        0x2 src/pong/entities.o
                0x00000176                border::interact(sprite const&)
 .text._ZN5hwlib8terminal4putcEc
                0x00000178       0xde src/pong/entities.o
                0x00000178                hwlib::terminal::putc(char)
 .text._ZN5hwlib7ostreamlsEc
                0x00000256        0xe src/pong/entities.o
                0x00000256                hwlib::ostream::operator<<(char)
 .text._ZN5hwliblsERNS_7ostreamEPKc
                0x00000264       0x60 src/pong/entities.o
                0x00000264                hwlib::operator<<(hwlib::ostream&, char const*)
 .text._ZN5hwlib6window5writeENS_2xyENS_5colorE
                0x000002c4       0x5c src/pong/entities.o
                0x000002c4                hwlib::window::write(hwlib::xy, hwlib::color)
 .text._ZN4ball4drawEv
                0x00000320       0x40 src/pong/entities.o
                0x00000320                ball::draw()
 .text._ZN6border4drawEv
                0x00000360       0x40 src/pong/entities.o
                0x00000360                border::draw()
 .text._ZN5hwlib6window5writeENS_2xyERKNS_5imageE
                0x000003a0       0x9a src/pong/entities.o
                0x000003a0                hwlib::window::write(hwlib::xy, hwlib::image const&)
 .text._ZN5hwlib13terminal_from19putc_implementationEc
                0x0000043a       0x2c src/pong/entities.o
                0x0000043a                hwlib::terminal_from::putc_implementation(char)
 *fill*         0x00000466        0x2 
 .text._ZN5hwlib13terminal_fromC2ERNS_6windowERKNS_4fontE
                0x00000468       0x50 src/pong/entities.o
                0x00000468                hwlib::terminal_from::terminal_from(hwlib::window&, hwlib::font const&)
                0x00000468                hwlib::terminal_from::terminal_from(hwlib::window&, hwlib::font const&)
 .text._ZN6sam3xa10SystemInitEv
                0x000004b8       0x7c src/pong/entities.o
                0x000004b8                sam3xa::SystemInit()
 .text._ZN3due8pin_infoENS_4pinsE
                0x00000534       0x20 src/pong/entities.o
                0x00000534                due::pin_info(due::pins)
 .text._ZN3due14port_registersEm
                0x00000554       0x38 src/pong/entities.o
                0x00000554                due::port_registers(unsigned long)
 .text._ZN3due12ticks_per_usEv
                0x0000058c        0x6 src/pong/entities.o
                0x0000058c                due::ticks_per_us()
 *fill*         0x00000592        0x2 
 .text._ZN3due9now_ticksEv
                0x00000594       0x7c src/pong/entities.o
                0x00000594                due::now_ticks()
 .text._ZN4ball8overlapsERK6sprite
                0x00000610      0x180 src/pong/entities.o
                0x00000610                ball::overlaps(sprite const&)
 .text._ZN4ball8interactERK6sprite
                0x00000790       0x22 src/pong/entities.o
                0x00000790                ball::interact(sprite const&)
 .text._ZN4ball14check_next_posERK6sprite
                0x000007b2       0x24 src/pong/entities.o
                0x000007b2                ball::check_next_pos(sprite const&)
 .text._ZN6border8overlapsERK6sprite
                0x000007d6       0xaa src/pong/entities.o
                0x000007d6                border::overlaps(sprite const&)
 .text._ZN6border5resetEv
                0x00000880       0x1c src/pong/entities.o
                0x00000880                border::reset()
 .text._ZN9deathwall8gameOverEv
                0x0000089c       0x54 src/pong/entities.o
                0x0000089c                deathwall::gameOver()
 .text._ZN9deathwall7gameWonEv
                0x000008f0       0x54 src/pong/entities.o
                0x000008f0                deathwall::gameWon()
 .text._ZN9deathwall8interactERK6sprite
                0x00000944       0x2e src/pong/entities.o
                0x00000944                deathwall::interact(sprite const&)
 .text._ZN5enemy10get_targetERK6sprite
                0x00000972       0x12 src/pong/enemy.o
                0x00000972                enemy::get_target(sprite const&)
 .text._ZN5enemy13move_toTargetEv
                0x00000984       0x5c src/pong/enemy.o
                0x00000984                enemy::move_toTarget()
 .text._ZN5enemy14check_next_posERK6borderS2_
                0x000009e0       0x26 src/pong/enemy.o
                0x000009e0                enemy::check_next_pos(border const&, border const&)
 .text._ZN5hwlib14i2c_primitives8read_ackEv
                0x00000a06       0x10 src/pong/player.o
                0x00000a06                hwlib::i2c_primitives::read_ack()
 .text._ZN5hwlib14i2c_primitives9write_ackEv
                0x00000a16        0x8 src/pong/player.o
                0x00000a16                hwlib::i2c_primitives::write_ack()
 .text._ZN5hwlib14i2c_primitives10write_nackEv
                0x00000a1e        0x8 src/pong/player.o
                0x00000a1e                hwlib::i2c_primitives::write_nack()
 .text._ZN5hwlib14i2c_primitives5writeEh
                0x00000a26       0x1c src/pong/player.o
                0x00000a26                hwlib::i2c_primitives::write(unsigned char)
 .text._ZN5hwlib14i2c_primitives5writeEPKhj
                0x00000a42       0x24 src/pong/player.o
                0x00000a42                hwlib::i2c_primitives::write(unsigned char const*, unsigned int)
 .text._ZN5hwlib14i2c_primitives9read_byteEv
                0x00000a66       0x20 src/pong/player.o
                0x00000a66                hwlib::i2c_primitives::read_byte()
 .text._ZN5hwlib14i2c_primitives4readEbPhj
                0x00000a86       0x36 src/pong/player.o
                0x00000a86                hwlib::i2c_primitives::read(bool, unsigned char*, unsigned int)
 .text._ZN3due6pin_oc4readEv
                0x00000abc       0x10 src/pong/player.o
                0x00000abc                due::pin_oc::read()
 .text._ZN3due6pin_oc5writeEb
                0x00000acc       0x10 src/pong/player.o
                0x00000acc                due::pin_oc::write(bool)
 .text._ZN3due6pin_oc5flushEv
                0x00000adc        0x2 src/pong/player.o
                0x00000adc                due::pin_oc::flush()
 .text._ZN3due6pin_oc7refreshEv
                0x00000ade        0x2 src/pong/player.o
                0x00000ade                due::pin_oc::refresh()
 .text._ZN5hwlib26i2c_bus_bit_banged_scl_sda16wait_half_periodEv.isra.0
                0x00000ae0        0x6 src/pong/player.o
 .text._ZN5hwlib26i2c_bus_bit_banged_scl_sda10write_stopEv
                0x00000ae6       0x60 src/pong/player.o
                0x00000ae6                hwlib::i2c_bus_bit_banged_scl_sda::write_stop()
 .text._ZN5hwlib26i2c_bus_bit_banged_scl_sda11write_startEv
                0x00000b46       0x34 src/pong/player.o
                0x00000b46                hwlib::i2c_bus_bit_banged_scl_sda::write_start()
 .text._ZN5hwlib26i2c_bus_bit_banged_scl_sda8read_bitEv
                0x00000b7a       0x68 src/pong/player.o
                0x00000b7a                hwlib::i2c_bus_bit_banged_scl_sda::read_bit()
 .text._ZN5hwlib26i2c_bus_bit_banged_scl_sda9write_bitEb
                0x00000be2       0x52 src/pong/player.o
                0x00000be2                hwlib::i2c_bus_bit_banged_scl_sda::write_bit(bool)
 .text._ZN3due6pin_ocC2ENS_4pinsE
                0x00000c34       0x34 src/pong/player.o
                0x00000c34                due::pin_oc::pin_oc(due::pins)
                0x00000c34                due::pin_oc::pin_oc(due::pins)
 .text._ZN6Player12get_movementEv
                0x00000c68       0x7c src/pong/player.o
                0x00000c68                Player::get_movement()
 .text._ZN6Player14check_next_posERK6borderS2_
                0x00000ce4       0x26 src/pong/player.o
                0x00000ce4                Player::check_next_pos(border const&, border const&)
 .text._ZN5hwlib21i2c_write_transaction5writeEh.isra.0
                0x00000d0a       0x18 lib/MPU.o
 .text._ZN5hwlib21i2c_write_transactionC2ERNS_14i2c_primitivesEj
                0x00000d22       0x24 lib/MPU.o
                0x00000d22                hwlib::i2c_write_transaction::i2c_write_transaction(hwlib::i2c_primitives&, unsigned int)
                0x00000d22                hwlib::i2c_write_transaction::i2c_write_transaction(hwlib::i2c_primitives&, unsigned int)
 .text._ZN5hwlib21i2c_write_transactionD2Ev
                0x00000d46       0x18 lib/MPU.o
                0x00000d46                hwlib::i2c_write_transaction::~i2c_write_transaction()
                0x00000d46                hwlib::i2c_write_transaction::~i2c_write_transaction()
 .text._ZN5hwlib20i2c_read_transactionD2Ev
                0x00000d5e       0x18 lib/MPU.o
                0x00000d5e                hwlib::i2c_read_transaction::~i2c_read_transaction()
                0x00000d5e                hwlib::i2c_read_transaction::~i2c_read_transaction()
 .text._ZN7MPU605013writeRegisterEhh
                0x00000d76       0x30 lib/MPU.o
                0x00000d76                MPU6050::writeRegister(unsigned char, unsigned char)
 .text._ZN7MPU60505setupEh
                0x00000da6       0xf0 lib/MPU.o
                0x00000da6                MPU6050::setup(unsigned char)
 .text._ZN7MPU605012readRegisterEhPhh
                0x00000e96       0x76 lib/MPU.o
                0x00000e96                MPU6050::readRegister(unsigned char, unsigned char*, unsigned char)
 .text._ZN7MPU605010getAccdataEi
                0x00000f0c       0x78 lib/MPU.o
                0x00000f0c                MPU6050::getAccdata(int)
 .text._ZN7MPU605011getGyrodataEi
                0x00000f84       0x78 lib/MPU.o
                0x00000f84                MPU6050::getGyrodata(int)
 *fill*         0x00000ffc        0x4 
 .text._ZN7MPU605011getTempdataEv
                0x00001000       0x48 lib/MPU.o
                0x00001000                MPU6050::getTempdata()
 .text._ZN7MPU605010getAlldataEi
                0x00001048       0x42 lib/MPU.o
                0x00001048                MPU6050::getAlldata(int)
 .text._ZN7MPU605014getAccdata_rawEv
                0x0000108a       0x40 lib/MPU.o
                0x0000108a                MPU6050::getAccdata_raw()
 .text._ZN7MPU605015getGyrodata_rawEv
                0x000010ca       0x40 lib/MPU.o
                0x000010ca                MPU6050::getGyrodata_raw()
 .text._ZN7MPU605015getTempdata_rawEv
                0x0000110a       0x20 lib/MPU.o
                0x0000110a                MPU6050::getTempdata_raw()
 .text._ZN7MPU605014getAlldata_rawEv
                0x0000112a       0x3e lib/MPU.o
                0x0000112a                MPU6050::getAlldata_raw()
 .text._ZN7MPU60504testERN5hwlib6pin_inE
                0x00001168       0x50 lib/MPU.o
                0x00001168                MPU6050::test(hwlib::pin_in&)
 .text._ZN7MPU605016interrupt_enableEv
                0x000011b8       0x1a lib/MPU.o
                0x000011b8                MPU6050::interrupt_enable()
 .text._ZN7MPU605017interrupt_disableEv
                0x000011d2       0x1a lib/MPU.o
                0x000011d2                MPU6050::interrupt_disable()
 .text._ZN7MPU605014read_interruptEPh
                0x000011ec        0xa lib/MPU.o
                0x000011ec                MPU6050::read_interrupt(unsigned char*)
 .text._ZN7MPU605011fifo_enableEv
                0x000011f6        0x8 lib/MPU.o
                0x000011f6                MPU6050::fifo_enable()
 *fill*         0x000011fe        0x2 
 .text._ZN7MPU60509fifo_readEh
                0x00001200      0x120 lib/MPU.o
                0x00001200                MPU6050::fifo_read(unsigned char)
 .text._ZN5dodge8obstacle6updateEv
                0x00001320       0x12 src/dodge/obstacle.o
                0x00001320                dodge::obstacle::update()
 .text._ZN5dodge8obstacle8interactERNS_6spriteE
                0x00001332        0x2 src/dodge/obstacle.o
                0x00001332                dodge::obstacle::interact(dodge::sprite&)
 .text._ZN5dodge6Player5resetEv
                0x00001334       0x3a src/dodge/obstacle.o
                0x00001334                dodge::Player::reset()
 .text._ZN5dodge8obstacle5resetEv
                0x0000136e       0x1c src/dodge/obstacle.o
                0x0000136e                dodge::obstacle::reset()
 *fill*         0x0000138a        0x2 
 .text._ZN5dodge6Player4drawEv
                0x0000138c       0x58 src/dodge/obstacle.o
                0x0000138c                dodge::Player::draw()
 .text._ZN5dodge8obstacle4drawEv
                0x000013e4       0x40 src/dodge/obstacle.o
                0x000013e4                dodge::obstacle::draw()
 .text._ZN5dodge6Player12change_pos_xEa
                0x00001424       0x1e src/dodge/obstacle.o
                0x00001424                dodge::Player::change_pos_x(signed char)
 .text._ZN5dodge6Player12change_pos_yEa
                0x00001442       0x1e src/dodge/obstacle.o
                0x00001442                dodge::Player::change_pos_y(signed char)
 .text._ZN5dodge6Player14check_next_posEv
                0x00001460       0x7a src/dodge/obstacle.o
                0x00001460                dodge::Player::check_next_pos()
 .text._ZN5dodge6Player6updateEv
                0x000014da       0x5e src/dodge/obstacle.o
                0x000014da                dodge::Player::update()
 .text._ZN5dodge6Player8overlapsERNS_6spriteE
                0x00001538      0x180 src/dodge/obstacle.o
                0x00001538                dodge::Player::overlaps(dodge::sprite&)
 .text._ZN5dodge6Player8interactERNS_6spriteE
                0x000016b8       0x16 src/dodge/obstacle.o
                0x000016b8                dodge::Player::interact(dodge::sprite&)
 *fill*         0x000016ce        0x2 
 .text._ZN5dodge6Player8gameOverEv
                0x000016d0       0x8c src/dodge/obstacle.o
                0x000016d0                dodge::Player::gameOver()
 .text._ZNK5hwlib9image_8x819read_implementationENS_2xyE
                0x0000175c       0x4c hwlib.o
                0x0000175c                hwlib::image_8x8::read_implementation(hwlib::xy) const
 .text._ZN5hwlib6window20clear_implementationENS_5colorE
                0x000017a8       0x6c hwlib.o
                0x000017a8                hwlib::window::clear_implementation(hwlib::color)
 .text._ZN5hwlib6window5clearENS_5colorE
                0x00001814       0x3c hwlib.o
                0x00001814                hwlib::window::clear(hwlib::color)
 .text._ZN5hwlib5panicEPKcj
                0x00001850        0x2 hwlib.o
                0x00001850                hwlib::panic(char const*, unsigned int)
 *fill*         0x00001852        0x2 
 .text._ZN5hwlib15background_base18do_background_workEv
                0x00001854       0x3c hwlib.o
                0x00001854                hwlib::background_base::do_background_work()
 .text._ZN5hwlib3allENS_2xyE
                0x00001890       0x16 hwlib.o
                0x00001890                hwlib::all(hwlib::xy)
 .text._ZNK5hwlib5colorngEv
                0x000018a6       0x2e hwlib.o
                0x000018a6                hwlib::color::operator-() const
 .text._ZN5hwliblsERNS_7ostreamEi
                0x000018d4       0xca hwlib.o
                0x000018d4                hwlib::operator<<(hwlib::ostream&, int)
 .text._ZNK5hwlib5image4readENS_2xyE
                0x0000199e       0x38 hwlib.o
                0x0000199e                hwlib::image::read(hwlib::xy) const
 .text._ZNK5hwlib14image_invert_t19read_implementationENS_2xyE
                0x000019d6       0x4a hwlib.o
                0x000019d6                hwlib::image_invert_t::read_implementation(hwlib::xy) const
 .text._ZN5hwlib6invertERKNS_5imageE
                0x00001a20       0x18 hwlib.o
                0x00001a20                hwlib::invert(hwlib::image const&)
 .text._ZN5hwlib9now_ticksEv
                0x00001a38        0x8 hwlib.o
                0x00001a38                hwlib::now_ticks()
 .text._ZN5hwlib6now_usEv
                0x00001a40       0x1c hwlib.o
                0x00001a40                hwlib::now_us()
 .text._ZN5hwlib7wait_usEi
                0x00001a5c       0x22 hwlib.o
                0x00001a5c                hwlib::wait_us(int)
 .text._ZN5hwlib7wait_msEi
                0x00001a7e       0x16 hwlib.o
                0x00001a7e                hwlib::wait_ms(int)
 .text._ZN5hwlib29glcd_oled_i2c_128x64_buffered20write_implementationENS_2xyENS_5colorE
                0x00001a94       0x64 main.o
                0x00001a94                hwlib::glcd_oled_i2c_128x64_buffered::write_implementation(hwlib::xy, hwlib::color)
 .text._ZN3due6pin_in4readEv
                0x00001af8       0x10 main.o
                0x00001af8                due::pin_in::read()
 .text._ZN3due6pin_in7refreshEv
                0x00001b08        0x2 main.o
                0x00001b08                due::pin_in::refresh()
 .text._ZN3due7pin_out5writeEb
                0x00001b0a        0xe main.o
                0x00001b0a                due::pin_out::write(bool)
 .text._ZN3due7pin_out5flushEv
                0x00001b18        0x2 main.o
                0x00001b18                due::pin_out::flush()
 .text._ZN5hwliblsERNS_7ostreamENS_6_flushE.isra.0
                0x00001b1a        0xe main.o
 .text._ZN5hwlib21i2c_write_transaction5writeEPKhj.isra.0
                0x00001b28        0x6 main.o
 .text._ZN5hwlib11ssd1306_i2c7commandENS_16ssd1306_commandsEhh
                0x00001b2e       0x3c main.o
                0x00001b2e                hwlib::ssd1306_i2c::command(hwlib::ssd1306_commands, unsigned char, unsigned char)
 .text._ZN5hwlib29glcd_oled_i2c_128x64_buffered5flushEv
                0x00001b6a       0x58 main.o
                0x00001b6a                hwlib::glcd_oled_i2c_128x64_buffered::flush()
 *fill*         0x00001bc2        0x2 
 .text._ZN3due6pin_inC2ENS_4pinsE
                0x00001bc4       0x34 main.o
                0x00001bc4                due::pin_in::pin_in(due::pins)
                0x00001bc4                due::pin_in::pin_in(due::pins)
 .text._ZN3due7pin_outC2ENS_4pinsE
                0x00001bf8       0x34 main.o
                0x00001bf8                due::pin_out::pin_out(due::pins)
                0x00001bf8                due::pin_out::pin_out(due::pins)
 .text._Z9play_pongRN5hwlib29glcd_oled_i2c_128x64_bufferedER7MPU6050RNS_6pin_inE
                0x00001c2c      0x2c0 main.o
                0x00001c2c                play_pong(hwlib::glcd_oled_i2c_128x64_buffered&, MPU6050&, hwlib::pin_in&)
 .text._Z10play_dodgeR7MPU6050RN5hwlib29glcd_oled_i2c_128x64_bufferedERNS1_6pin_inE
                0x00001eec      0x204 main.o
                0x00001eec                play_dodge(MPU6050&, hwlib::glcd_oled_i2c_128x64_buffered&, hwlib::pin_in&)
 .text._Z4testRN5hwlib6pin_inES1_R7MPU6050RNS_29glcd_oled_i2c_128x64_bufferedE
                0x000020f0      0x1e8 main.o
                0x000020f0                test(hwlib::pin_in&, hwlib::pin_in&, MPU6050&, hwlib::glcd_oled_i2c_128x64_buffered&)
 .text.startup.main
                0x000022d8      0x144 main.o
                0x000022d8                main
 .text.__startup
                0x0000241c       0x40 bmptk_cortex.o
                0x0000241c                __startup
 .text.__cxa_pure_virtual
                0x0000245c        0x2 bmptk_cortex.o
                0x0000245c                __cxa_pure_virtual
 *fill*         0x0000245e        0x2 
 .text          0x00002460      0x378 c:/ti_spul/v1oopc-examples/nieuwe_omgeving/gcc-arm-none-eabi-9-2019-q4-major-win32/bin/../lib/gcc/arm-none-eabi/9.2.1/thumb/v7-m/nofp\libgcc.a(_arm_addsubdf3.o)
                0x00002460                __aeabi_drsub
                0x00002468                __aeabi_dsub
                0x00002468                __subdf3
                0x0000246c                __aeabi_dadd
                0x0000246c                __adddf3
                0x000026e4                __floatunsidf
                0x000026e4                __aeabi_ui2d
                0x00002704                __floatsidf
                0x00002704                __aeabi_i2d
                0x00002728                __aeabi_f2d
                0x00002728                __extendsfdf2
                0x0000276c                __floatundidf
                0x0000276c                __aeabi_ul2d
                0x0000277c                __floatdidf
                0x0000277c                __aeabi_l2d
 .text          0x000027d8       0x50 c:/ti_spul/v1oopc-examples/nieuwe_omgeving/gcc-arm-none-eabi-9-2019-q4-major-win32/bin/../lib/gcc/arm-none-eabi/9.2.1/thumb/v7-m/nofp\libgcc.a(_arm_fixdfsi.o)
                0x000027d8                __aeabi_d2iz
                0x000027d8                __fixdfsi
 .text          0x00002828       0x30 c:/ti_spul/v1oopc-examples/nieuwe_omgeving/gcc-arm-none-eabi-9-2019-q4-major-win32/bin/../lib/gcc/arm-none-eabi/9.2.1/thumb/v7-m/nofp\libgcc.a(_aeabi_uldivmod.o)
                0x00002828                __aeabi_uldivmod
 .text          0x00002858      0x2c4 c:/ti_spul/v1oopc-examples/nieuwe_omgeving/gcc-arm-none-eabi-9-2019-q4-major-win32/bin/../lib/gcc/arm-none-eabi/9.2.1/thumb/v7-m/nofp\libgcc.a(_udivmoddi4.o)
                0x00002858                __udivmoddi4
 .text          0x00002b1c        0x4 c:/ti_spul/v1oopc-examples/nieuwe_omgeving/gcc-arm-none-eabi-9-2019-q4-major-win32/bin/../lib/gcc/arm-none-eabi/9.2.1/thumb/v7-m/nofp\libgcc.a(_dvmd_tls.o)
                0x00002b1c                __aeabi_ldiv0
 .text.srand    0x00002b20       0x10 c:/ti_spul/v1oopc-examples/nieuwe_omgeving/gcc-arm-none-eabi-9-2019-q4-major-win32/bin/../lib/gcc/arm-none-eabi/9.2.1/../../../../arm-none-eabi/lib/thumb/v7-m/nofp\libc.a(lib_a-rand.o)
                0x00002b20                srand
 .text.rand     0x00002b30       0x3c c:/ti_spul/v1oopc-examples/nieuwe_omgeving/gcc-arm-none-eabi-9-2019-q4-major-win32/bin/../lib/gcc/arm-none-eabi/9.2.1/../../../../arm-none-eabi/lib/thumb/v7-m/nofp\libc.a(lib_a-rand.o)
                0x00002b30                rand
                0x00002b6c                . = ALIGN (0x4)
 *(.glue_7t .glue_7)
 .glue_7        0x00002b6c        0x0 linker stubs
 .glue_7t       0x00002b6c        0x0 linker stubs
                0x00002b6c                . = ALIGN (0x4)
 *(.rodata .rodata.* .gnu.linkonce.r.*)
 .rodata._ZN3due8pin_infoENS_4pinsE.str1.1
                0x00002b6c       0x32 src/pong/entities.o
 .rodata._ZN9deathwall8gameOverEv.str1.1
                0x00002b9e       0x12 src/pong/entities.o
 .rodata._ZN9deathwall7gameWonEv.str1.1
                0x00002bb0        0xe src/pong/entities.o
 *fill*         0x00002bbe        0x2 
 .rodata._ZTVN5hwlib13terminal_fromE
                0x00002bc0       0x20 src/pong/entities.o
                0x00002bc0                vtable for hwlib::terminal_from
 .rodata._ZTVN5hwlib16font_default_8x8E
                0x00002be0        0xc src/pong/entities.o
                0x00002be0                vtable for hwlib::font_default_8x8
 .rodata._ZN5hwlibL11unspecifiedE
                0x00002bec        0x4 src/pong/entities.o
 .rodata._ZTV4ball
                0x00002bf0       0x14 src/pong/entities.o
                0x00002bf0                vtable for ball
 .rodata._ZTV6border
                0x00002c04       0x14 src/pong/entities.o
                0x00002c04                vtable for border
 .rodata._ZTV9deathwall
                0x00002c18       0x14 src/pong/entities.o
                0x00002c18                vtable for deathwall
 .rodata._ZZN3due8pin_infoENS_4pinsEE14pin_info_array
                0x00002c2c       0xa4 src/pong/entities.o
 .rodata._ZTVN5hwlib26i2c_bus_bit_banged_scl_sdaE
                0x00002cd0       0x34 src/pong/player.o
                0x00002cd0                vtable for hwlib::i2c_bus_bit_banged_scl_sda
 .rodata._ZTVN3due6pin_ocE
                0x00002d04       0x18 src/pong/player.o
                0x00002d04                vtable for due::pin_oc
 .rodata._ZN5dodge6Player8gameOverEv.str1.1
                0x00002d1c       0x12 src/dodge/obstacle.o
 .rodata._ZN5hwlibL11unspecifiedE
                0x00002d1c        0x4 src/dodge/obstacle.o
 .rodata._ZTVN5dodge6PlayerE
                0x00002d20       0x18 src/dodge/obstacle.o
                0x00002d20                vtable for dodge::Player
 .rodata._ZTVN5dodge8obstacleE
                0x00002d38       0x18 src/dodge/obstacle.o
                0x00002d38                vtable for dodge::obstacle
 .rodata._ZTVN5hwlib9image_8x8E
                0x00002d50        0xc hwlib.o
                0x00002d50                vtable for hwlib::image_8x8
 .rodata._ZTVN5hwlib14image_invert_tE
                0x00002d5c        0xc hwlib.o
                0x00002d5c                vtable for hwlib::image_invert_t
 .rodata._ZTVN5hwlib6windowE
                0x00002d68       0x18 hwlib.o
                0x00002d68                vtable for hwlib::window
 .rodata._ZN5hwlib16font_default_8x86imagesE
                0x00002d80      0xa00 hwlib.o
                0x00002d80                hwlib::font_default_8x8::images
 .rodata._ZN5hwlibL5blackE
                0x00003780        0x4 hwlib.o
 .rodata._ZN5hwlibL5whiteE
                0x00003784        0x4 hwlib.o
 .rodata._Z4testRN5hwlib6pin_inES1_R7MPU6050RNS_29glcd_oled_i2c_128x64_bufferedE.str1.1
                0x00003788       0x49 main.o
 .rodata.main.str1.1
                0x000037d1       0x50 main.o
 *fill*         0x00003821        0x3 
 .rodata._ZTVN5hwlib29glcd_oled_i2c_128x64_bufferedE
                0x00003824       0x18 main.o
                0x00003824                vtable for hwlib::glcd_oled_i2c_128x64_buffered
 .rodata._ZTVN3due6pin_inE
                0x0000383c       0x10 main.o
                0x0000383c                vtable for due::pin_in
 .rodata._ZTVN3due7pin_outE
                0x0000384c       0x10 main.o
                0x0000384c                vtable for due::pin_out
 .rodata._ZTV5enemy
                0x0000385c       0x14 main.o
                0x0000385c                vtable for enemy
 .rodata._ZTV6Player
                0x00003870       0x14 main.o
                0x00003870                vtable for Player
 .rodata._ZN5hwlibL11unspecifiedE
                0x00003884        0x4 main.o
 .rodata._ZN5hwlibL22ssd1306_initializationE
                0x00003888       0x29 main.o
 .rodata._ZN5hwlibL5blackE
                0x000038b1        0x4 main.o
                0x000038b8                . = ALIGN (0x4)
 *fill*         0x000038b5        0x3 
 *(.ARM.extab* .gnu.linkonce.armextab.*)
                0x000038b8                . = ALIGN (0x4)
 *(.gcc_except_table)
                0x000038b8                . = ALIGN (0x4)
 *(.eh_frame_hdr)
                0x000038b8                . = ALIGN (0x4)
 *(.eh_frame)
                0x000038b8                . = ALIGN (0x4)
                0x000038b8                __text_end = .
                [!provide]                PROVIDE (__text_end = __text_end)

.vfp11_veneer   0x000038b8        0x0
 .vfp11_veneer  0x000038b8        0x0 linker stubs

.v4_bx          0x000038b8        0x0
 .v4_bx         0x000038b8        0x0 linker stubs

.iplt           0x000038b8        0x0
 .iplt          0x000038b8        0x0 src/pong/entities.o

.IF_YOU_SEE_THIS_YOU_HAVE_ONE_OR_MORE_GLOBAL_OBJECT_CONSTRUCTORS
 *(.init)
 *(.preinit_array)
 *(SORT_BY_NAME(.init_array.*))
 *(.init_array)
                0x000038b8                . = ALIGN (0x4)
                0x000038b8                __exidx_start = .
                [!provide]                PROVIDE (__exidx_start = __exidx_start)

.ARM.exidx      0x000038b8        0x8
 *(.ARM.exidx* .gnu.linkonce.armexidx.*)
 .ARM.exidx     0x000038b8        0x8 c:/ti_spul/v1oopc-examples/nieuwe_omgeving/gcc-arm-none-eabi-9-2019-q4-major-win32/bin/../lib/gcc/arm-none-eabi/9.2.1/thumb/v7-m/nofp\libgcc.a(_udivmoddi4.o)

.rel.dyn        0x000038c0        0x0
 .rel.iplt      0x000038c0        0x0 src/pong/entities.o
                0x000038c0                . = ALIGN (0x4)
                0x000038c0                __exidx_end = .
                [!provide]                PROVIDE (__exidx_end = __exidx_end)

.bss            0x20070000    0x1201c
                0x20070000                . = ALIGN (0x4)
                0x20070000                __stack_start = .
                [!provide]                PROVIDE (__stack_start = __stack_start)
                0x20070000                . = ALIGN (0x4)
 *(.bmptk_stack)
 .bmptk_stack   0x20070000    0x12000 bmptk_fixed_size_stack.o
                0x20070000                bmptk_stack
                0x20082000                . = ALIGN (0x8)
                0x20082000                __main_stack_end = .
                [!provide]                PROVIDE (__main_stack_end = __main_stack_end)
                0x20082000                . = ALIGN (0x4)
                0x20082000                __stack_end = .
                [!provide]                PROVIDE (__stack_end = __stack_end)
                0x20082000                . = ALIGN (0x4)
                0x20082000                __bss_start = .
                [!provide]                PROVIDE (__bss_start = __bss_start)
                0x20082000                . = ALIGN (0x4)
 *(.bss .bss.* .gnu.linkonce.b.*)
 .bss._ZZN3due9now_ticksEvE4high
                0x20082000        0x8 src/pong/entities.o
 .bss._ZZN3due9now_ticksEvE8last_low
                0x20082008        0x4 src/pong/entities.o
 .bss._ZZN3due9now_ticksEvE9init_done
                0x2008200c        0x1 src/pong/entities.o
 *fill*         0x2008200d        0x3 
 .bss._ZN5hwlib15background_base5firstE
                0x20082010        0x4 hwlib.o
                0x20082010                hwlib::background_base::first
 .bss._ZN5hwlib15background_base7currentE
                0x20082014        0x4 hwlib.o
                0x20082014                hwlib::background_base::current
 .bss._ZN5hwlib15background_base7runningE
                0x20082018        0x1 hwlib.o
                0x20082018                hwlib::background_base::running
                0x2008201c                . = ALIGN (0x4)
 *fill*         0x20082019        0x3 
 *(COMMON)
                0x2008201c                . = ALIGN (0x4)
                0x2008201c                __bss_end = .
                [!provide]                PROVIDE (__bss_end = __bss_end)

.data           0x20082020      0x430 load address 0x000038c0
                0x20082020                . = ALIGN (0x4)
                0x000038c0                __data_init_start = LOADADDR (.data)
                [!provide]                PROVIDE (__data_init_start = __data_init_start)
                0x20082020                __data_start = .
                [!provide]                PROVIDE (__data_start = __data_start)
                0x20082020                . = ALIGN (0x4)
 *(.data .data.* .gnu.linkonce.d.*)
 .data._ZN6sam3xa15SystemCoreClockE
                0x20082020        0x4 src/pong/entities.o
                0x20082020                sam3xa::SystemCoreClock
 .data._impure_ptr
                0x20082024        0x4 c:/ti_spul/v1oopc-examples/nieuwe_omgeving/gcc-arm-none-eabi-9-2019-q4-major-win32/bin/../lib/gcc/arm-none-eabi/9.2.1/../../../../arm-none-eabi/lib/thumb/v7-m/nofp\libc.a(lib_a-impure.o)
                0x20082024                _impure_ptr
 .data.impure_data
                0x20082028      0x428 c:/ti_spul/v1oopc-examples/nieuwe_omgeving/gcc-arm-none-eabi-9-2019-q4-major-win32/bin/../lib/gcc/arm-none-eabi/9.2.1/../../../../arm-none-eabi/lib/thumb/v7-m/nofp\libc.a(lib_a-impure.o)
                0x20082450                . = ALIGN (0x4)
                0x20082450                __data_end = .
                [!provide]                PROVIDE (__data_end = __data_end)
                0x000038c0                __data_init_end = LOADADDR (.data)
                [!provide]                PROVIDE (__data_init_end = __data_init_end)
                [!provide]                PROVIDE (__data_size = (__data_end - __data_start))
                [!provide]                PROVIDE (__data_init_size = __data_size)
                [!provide]                PROVIDE (__data_init_end = (__data_init_start + __data_init_size))

.igot.plt       0x20082450        0x0 load address 0x00003cf0
 .igot.plt      0x20082450        0x0 src/pong/entities.o
                0x20082450                . = ALIGN (0x4)
                0x20082450                __heap_start = .
                [!provide]                PROVIDE (__heap_start = __heap_start)
                0x20082450                . = ALIGN (0x4)
                0x20088000                __heap_end = __ram_end
                [!provide]                PROVIDE (__heap_end = __heap_end)

.stab
 *(.stab)

.stabstr
 *(.stabstr)

.debug
 *(.debug)

.line
 *(.line)

.debug_srcinfo
 *(.debug_srcinfo)

.debug_sfnames
 *(.debug_sfnames)

.debug_aranges
 *(.debug_aranges)

.debug_pubnames
 *(.debug_pubnames)

.debug_info
 *(.debug_info .gnu.linkonce.wi.*)

.debug_abbrev
 *(.debug_abbrev)

.debug_line
 *(.debug_line)

.debug_frame    0x00000000      0x16c
 *(.debug_frame)
 .debug_frame   0x00000000       0xac c:/ti_spul/v1oopc-examples/nieuwe_omgeving/gcc-arm-none-eabi-9-2019-q4-major-win32/bin/../lib/gcc/arm-none-eabi/9.2.1/thumb/v7-m/nofp\libgcc.a(_arm_addsubdf3.o)
 .debug_frame   0x000000ac       0x24 c:/ti_spul/v1oopc-examples/nieuwe_omgeving/gcc-arm-none-eabi-9-2019-q4-major-win32/bin/../lib/gcc/arm-none-eabi/9.2.1/thumb/v7-m/nofp\libgcc.a(_arm_fixdfsi.o)
 .debug_frame   0x000000d0       0x2c c:/ti_spul/v1oopc-examples/nieuwe_omgeving/gcc-arm-none-eabi-9-2019-q4-major-win32/bin/../lib/gcc/arm-none-eabi/9.2.1/thumb/v7-m/nofp\libgcc.a(_aeabi_uldivmod.o)
 .debug_frame   0x000000fc       0x34 c:/ti_spul/v1oopc-examples/nieuwe_omgeving/gcc-arm-none-eabi-9-2019-q4-major-win32/bin/../lib/gcc/arm-none-eabi/9.2.1/thumb/v7-m/nofp\libgcc.a(_udivmoddi4.o)
 .debug_frame   0x00000130       0x3c c:/ti_spul/v1oopc-examples/nieuwe_omgeving/gcc-arm-none-eabi-9-2019-q4-major-win32/bin/../lib/gcc/arm-none-eabi/9.2.1/../../../../arm-none-eabi/lib/thumb/v7-m/nofp\libc.a(lib_a-rand.o)

.comment        0x00000000       0x79
 .comment       0x00000000       0x79 src/pong/entities.o
                                 0x7a (size before relaxing)
 .comment       0x00000079       0x7a src/pong/enemy.o
 .comment       0x00000079       0x7a src/pong/player.o
 .comment       0x00000079       0x7a lib/MPU.o
 .comment       0x00000079       0x7a src/dodge/obstacle.o
 .comment       0x00000079       0x7a hwlib.o
 .comment       0x00000079       0x7a main.o
 .comment       0x00000079       0x7a bmptk_cortex.o
 .comment       0x00000079       0x7a bmptk_fixed_size_stack.o

.debug_str
 *(.debug_str)

.debug_loc
 *(.debug_loc)

.debug_macinfo
 *(.debug_macinfo)

.debug_weaknames
 *(.debug_weaknames)

.debug_funcnames
 *(.debug_funcnames)

.debug_typenames
 *(.debug_typenames)

.debug_varnames
 *(.debug_varnames)

.note.gnu.arm.ident
 *(.note.gnu.arm.ident)

.ARM.attributes
                0x00000000       0x2d
 *(.ARM.attributes)
 .ARM.attributes
                0x00000000       0x2d src/pong/entities.o
 .ARM.attributes
                0x0000002d       0x2d src/pong/enemy.o
 .ARM.attributes
                0x0000005a       0x2d src/pong/player.o
 .ARM.attributes
                0x00000087       0x2d lib/MPU.o
 .ARM.attributes
                0x000000b4       0x2d src/dodge/obstacle.o
 .ARM.attributes
                0x000000e1       0x2d hwlib.o
 .ARM.attributes
                0x0000010e       0x2d main.o
 .ARM.attributes
                0x0000013b       0x2d bmptk_cortex.o
 .ARM.attributes
                0x00000168       0x2d bmptk_heap_none.o
 .ARM.attributes
                0x00000195       0x33 bmptk_fixed_size_stack.o
 .ARM.attributes
                0x000001c8       0x1d c:/ti_spul/v1oopc-examples/nieuwe_omgeving/gcc-arm-none-eabi-9-2019-q4-major-win32/bin/../lib/gcc/arm-none-eabi/9.2.1/thumb/v7-m/nofp\libgcc.a(_arm_addsubdf3.o)
 .ARM.attributes
                0x000001e5       0x1d c:/ti_spul/v1oopc-examples/nieuwe_omgeving/gcc-arm-none-eabi-9-2019-q4-major-win32/bin/../lib/gcc/arm-none-eabi/9.2.1/thumb/v7-m/nofp\libgcc.a(_arm_fixdfsi.o)
 .ARM.attributes
                0x00000202       0x1d c:/ti_spul/v1oopc-examples/nieuwe_omgeving/gcc-arm-none-eabi-9-2019-q4-major-win32/bin/../lib/gcc/arm-none-eabi/9.2.1/thumb/v7-m/nofp\libgcc.a(_aeabi_uldivmod.o)
 .ARM.attributes
                0x0000021f       0x2d c:/ti_spul/v1oopc-examples/nieuwe_omgeving/gcc-arm-none-eabi-9-2019-q4-major-win32/bin/../lib/gcc/arm-none-eabi/9.2.1/thumb/v7-m/nofp\libgcc.a(_udivmoddi4.o)
 .ARM.attributes
                0x0000024c       0x1d c:/ti_spul/v1oopc-examples/nieuwe_omgeving/gcc-arm-none-eabi-9-2019-q4-major-win32/bin/../lib/gcc/arm-none-eabi/9.2.1/thumb/v7-m/nofp\libgcc.a(_dvmd_tls.o)
 .ARM.attributes
                0x00000269       0x2d c:/ti_spul/v1oopc-examples/nieuwe_omgeving/gcc-arm-none-eabi-9-2019-q4-major-win32/bin/../lib/gcc/arm-none-eabi/9.2.1/../../../../arm-none-eabi/lib/thumb/v7-m/nofp\libc.a(lib_a-rand.o)
 .ARM.attributes
                0x00000296       0x2d c:/ti_spul/v1oopc-examples/nieuwe_omgeving/gcc-arm-none-eabi-9-2019-q4-major-win32/bin/../lib/gcc/arm-none-eabi/9.2.1/../../../../arm-none-eabi/lib/thumb/v7-m/nofp\libc.a(lib_a-impure.o)

/DISCARD/
 *(.note.GNU-stack)
                [!provide]                PROVIDE (__text_size = (__text_end - __text_start))
                [!provide]                PROVIDE (__exidx_size = (__exidx_end - __exidx_start))
                [!provide]                PROVIDE (__bss_size = (__bss_end - __bss_start))
                [!provide]                PROVIDE (__stack_size = (__stack_end - __stack_start))
                [!provide]                PROVIDE (__heap_size = (__heap_end - __heap_start))
OUTPUT(main.elf elf32-littlearm)
